Archive member included to satisfy reference by file (symbol)

c:/qmk_msys/mingw64/bin/../lib/gcc/arm-none-eabi/10.1.0/thumb/v7e-m+fp/hard\libgcc.a(_aeabi_ldivmod.o)
                              .build/obj_testamatta_keyboard_ex011_blackpill_default/platforms/chibios/timer.o (__aeabi_ldivmod)
c:/qmk_msys/mingw64/bin/../lib/gcc/arm-none-eabi/10.1.0/thumb/v7e-m+fp/hard\libgcc.a(_aeabi_uldivmod.o)
                              .build/obj_testamatta_keyboard_ex011_blackpill_default/platforms/chibios/timer.o (__aeabi_uldivmod)
c:/qmk_msys/mingw64/bin/../lib/gcc/arm-none-eabi/10.1.0/thumb/v7e-m+fp/hard\libgcc.a(_udivmoddi4.o)
                              c:/qmk_msys/mingw64/bin/../lib/gcc/arm-none-eabi/10.1.0/thumb/v7e-m+fp/hard\libgcc.a(_aeabi_ldivmod.o) (__udivmoddi4)
c:/qmk_msys/mingw64/bin/../lib/gcc/arm-none-eabi/10.1.0/thumb/v7e-m+fp/hard\libgcc.a(_dvmd_tls.o)
                              c:/qmk_msys/mingw64/bin/../lib/gcc/arm-none-eabi/10.1.0/thumb/v7e-m+fp/hard\libgcc.a(_aeabi_ldivmod.o) (__aeabi_ldiv0)
c:/qmk_msys/mingw64/bin/../lib/gcc/arm-none-eabi/10.1.0/../../../../arm-none-eabi/lib/thumb/v7e-m+fp/hard\libg_nano.a(lib_a-abort.o)
                              .build/obj_testamatta_keyboard_ex011_blackpill/lib/chibios/os/various/syscalls.o (abort)
c:/qmk_msys/mingw64/bin/../lib/gcc/arm-none-eabi/10.1.0/../../../../arm-none-eabi/lib/thumb/v7e-m+fp/hard\libg_nano.a(lib_a-ctype_.o)
                              .build/obj_testamatta_keyboard_ex011_blackpill_default/quantum/send_string/send_string.o (_ctype_)
c:/qmk_msys/mingw64/bin/../lib/gcc/arm-none-eabi/10.1.0/../../../../arm-none-eabi/lib/thumb/v7e-m+fp/hard\libg_nano.a(lib_a-errno.o)
                              .build/obj_testamatta_keyboard_ex011_blackpill/platforms/chibios/syscall-fallbacks.o (__errno)
c:/qmk_msys/mingw64/bin/../lib/gcc/arm-none-eabi/10.1.0/../../../../arm-none-eabi/lib/thumb/v7e-m+fp/hard\libg_nano.a(lib_a-impure.o)
                              c:/qmk_msys/mingw64/bin/../lib/gcc/arm-none-eabi/10.1.0/../../../../arm-none-eabi/lib/thumb/v7e-m+fp/hard\libg_nano.a(lib_a-errno.o) (_impure_ptr)
c:/qmk_msys/mingw64/bin/../lib/gcc/arm-none-eabi/10.1.0/../../../../arm-none-eabi/lib/thumb/v7e-m+fp/hard\libg_nano.a(lib_a-memcmp.o)
                              .build/obj_testamatta_keyboard_ex011_blackpill_default/matrix.o (memcmp)
c:/qmk_msys/mingw64/bin/../lib/gcc/arm-none-eabi/10.1.0/../../../../arm-none-eabi/lib/thumb/v7e-m+fp/hard\libg_nano.a(lib_a-memcpy.o)
                              .build/obj_testamatta_keyboard_ex011_blackpill_default/matrix.o (memcpy)
c:/qmk_msys/mingw64/bin/../lib/gcc/arm-none-eabi/10.1.0/../../../../arm-none-eabi/lib/thumb/v7e-m+fp/hard\libg_nano.a(lib_a-memset.o)
                              .build/obj_testamatta_keyboard_ex011_blackpill_default/quantum/action_tapping.o (memset)
c:/qmk_msys/mingw64/bin/../lib/gcc/arm-none-eabi/10.1.0/../../../../arm-none-eabi/lib/thumb/v7e-m+fp/hard\libg_nano.a(lib_a-rand.o)
                              .build/obj_testamatta_keyboard_ex011_blackpill_default/quantum/send_string/send_string.o (rand)
c:/qmk_msys/mingw64/bin/../lib/gcc/arm-none-eabi/10.1.0/../../../../arm-none-eabi/lib/thumb/v7e-m+fp/hard\libg_nano.a(lib_a-signal.o)
                              c:/qmk_msys/mingw64/bin/../lib/gcc/arm-none-eabi/10.1.0/../../../../arm-none-eabi/lib/thumb/v7e-m+fp/hard\libg_nano.a(lib_a-abort.o) (raise)
c:/qmk_msys/mingw64/bin/../lib/gcc/arm-none-eabi/10.1.0/../../../../arm-none-eabi/lib/thumb/v7e-m+fp/hard\libg_nano.a(lib_a-signalr.o)
                              c:/qmk_msys/mingw64/bin/../lib/gcc/arm-none-eabi/10.1.0/../../../../arm-none-eabi/lib/thumb/v7e-m+fp/hard\libg_nano.a(lib_a-signal.o) (_kill_r)
c:/qmk_msys/mingw64/bin/../lib/gcc/arm-none-eabi/10.1.0/../../../../arm-none-eabi/lib/thumb/v7e-m+fp/hard\libg_nano.a(lib_a-assert.o)
                              c:/qmk_msys/mingw64/bin/../lib/gcc/arm-none-eabi/10.1.0/../../../../arm-none-eabi/lib/thumb/v7e-m+fp/hard\libg_nano.a(lib_a-rand.o) (__assert_func)
c:/qmk_msys/mingw64/bin/../lib/gcc/arm-none-eabi/10.1.0/../../../../arm-none-eabi/lib/thumb/v7e-m+fp/hard\libg_nano.a(lib_a-fprintf.o)
                              c:/qmk_msys/mingw64/bin/../lib/gcc/arm-none-eabi/10.1.0/../../../../arm-none-eabi/lib/thumb/v7e-m+fp/hard\libg_nano.a(lib_a-assert.o) (fiprintf)
c:/qmk_msys/mingw64/bin/../lib/gcc/arm-none-eabi/10.1.0/../../../../arm-none-eabi/lib/thumb/v7e-m+fp/hard\libg_nano.a(lib_a-malloc.o)
                              c:/qmk_msys/mingw64/bin/../lib/gcc/arm-none-eabi/10.1.0/../../../../arm-none-eabi/lib/thumb/v7e-m+fp/hard\libg_nano.a(lib_a-rand.o) (malloc)
c:/qmk_msys/mingw64/bin/../lib/gcc/arm-none-eabi/10.1.0/../../../../arm-none-eabi/lib/thumb/v7e-m+fp/hard\libg_nano.a(lib_a-nano-freer.o)
                              c:/qmk_msys/mingw64/bin/../lib/gcc/arm-none-eabi/10.1.0/../../../../arm-none-eabi/lib/thumb/v7e-m+fp/hard\libg_nano.a(lib_a-malloc.o) (_free_r)
[...]
Memory Configuration

Name             Origin             Length             Attributes
flash0           0x0000000008010000 0x0000000000070000 xr
flash1           0x0000000000000000 0x0000000000000000 xr
flash2           0x0000000000000000 0x0000000000000000 xr
flash3           0x0000000000000000 0x0000000000000000 xr
flash4           0x0000000000000000 0x0000000000000000 xr
flash5           0x0000000000000000 0x0000000000000000 xr
flash6           0x0000000000000000 0x0000000000000000 xr
flash7           0x0000000000000000 0x0000000000000000 xr
ram0             0x0000000020000000 0x0000000000020000 xw
ram1             0x0000000000000000 0x0000000000000000 xw
ram2             0x0000000000000000 0x0000000000000000 xw
ram3             0x0000000000000000 0x0000000000000000 xw
ram4             0x0000000000000000 0x0000000000000000 xw
ram5             0x0000000000000000 0x0000000000000000 xw
ram6             0x0000000000000000 0x0000000000000000 xw
ram7             0x0000000000000000 0x0000000000000000 xw
*default*        0x0000000000000000 0xffffffffffffffff

Linker script and memory map

LOAD .build/obj_testamatta_keyboard_ex011_blackpill_default/matrix.o
LOAD .build/obj_testamatta_keyboard_ex011_blackpill_default/keyboards/testamatta/keyboard/ex011/blackpill/blackpill.o
LOAD .build/obj_testamatta_keyboard_ex011_blackpill_default/.build/obj_testamatta_keyboard_ex011_blackpill/src/default_keyboard.o
LOAD .build/obj_testamatta_keyboard_ex011_blackpill_default/quantum/keymap_introspection.o
LOAD .build/obj_testamatta_keyboard_ex011_blackpill_default/quantum/quantum.o
LOAD .build/obj_testamatta_keyboard_ex011_blackpill_default/quantum/bitwise.o
LOAD .build/obj_testamatta_keyboard_ex011_blackpill_default/quantum/led.o
LOAD .build/obj_testamatta_keyboard_ex011_blackpill_default/quantum/action.o
LOAD .build/obj_testamatta_keyboard_ex011_blackpill_default/quantum/action_layer.o
LOAD .build/obj_testamatta_keyboard_ex011_blackpill_default/quantum/action_tapping.o
LOAD .build/obj_testamatta_keyboard_ex011_blackpill_default/quantum/action_util.o
LOAD .build/obj_testamatta_keyboard_ex011_blackpill_default/quantum/eeconfig.o
LOAD .build/obj_testamatta_keyboard_ex011_blackpill_default/quantum/keyboard.o
LOAD .build/obj_testamatta_keyboard_ex011_blackpill_default/quantum/keymap_common.o
LOAD .build/obj_testamatta_keyboard_ex011_blackpill_default/quantum/keycode_config.o
LOAD .build/obj_testamatta_keyboard_ex011_blackpill_default/quantum/sync_timer.o
LOAD .build/obj_testamatta_keyboard_ex011_blackpill_default/quantum/logging/debug.o
LOAD .build/obj_testamatta_keyboard_ex011_blackpill_default/quantum/logging/sendchar.o
LOAD .build/obj_testamatta_keyboard_ex011_blackpill_default/quantum/logging/print.o
LOAD .build/obj_testamatta_keyboard_ex011_blackpill_default/quantum/bootmagic/bootmagic_lite.o
LOAD .build/obj_testamatta_keyboard_ex011_blackpill_default/quantum/bootmagic/magic.o
LOAD .build/obj_testamatta_keyboard_ex011_blackpill_default/quantum/matrix_common.o
LOAD .build/obj_testamatta_keyboard_ex011_blackpill_default/quantum/debounce/sym_defer_g.o
LOAD .build/obj_testamatta_keyboard_ex011_blackpill_default/quantum/main.o
LOAD .build/obj_testamatta_keyboard_ex011_blackpill_default/printf.o
LOAD .build/obj_testamatta_keyboard_ex011_blackpill_default/quantum/mousekey.o
LOAD .build/obj_testamatta_keyboard_ex011_blackpill_default/eeprom_driver.o
LOAD .build/obj_testamatta_keyboard_ex011_blackpill_default/eeprom_wear_leveling.o
LOAD .build/obj_testamatta_keyboard_ex011_blackpill_default/wear_leveling.o
LOAD .build/obj_testamatta_keyboard_ex011_blackpill_default/flash_stm32.o
LOAD .build/obj_testamatta_keyboard_ex011_blackpill_default/wear_leveling_legacy.o
LOAD .build/obj_testamatta_keyboard_ex011_blackpill_default/quantum/via.o
LOAD .build/obj_testamatta_keyboard_ex011_blackpill_default/qmk_fnv_type_validation.o
LOAD .build/obj_testamatta_keyboard_ex011_blackpill_default/hash_32a.o
LOAD .build/obj_testamatta_keyboard_ex011_blackpill_default/hash_64a.o
LOAD .build/obj_testamatta_keyboard_ex011_blackpill_default/quantum/process_keycode/process_magic.o
LOAD .build/obj_testamatta_keyboard_ex011_blackpill_default/quantum/send_string/send_string.o
LOAD .build/obj_testamatta_keyboard_ex011_blackpill_default/quantum/encoder.o
LOAD .build/obj_testamatta_keyboard_ex011_blackpill_default/quantum/dynamic_keymap.o
LOAD .build/obj_testamatta_keyboard_ex011_blackpill_default/quantum/process_keycode/process_grave_esc.o
LOAD .build/obj_testamatta_keyboard_ex011_blackpill_default/quantum/process_keycode/process_space_cadet.o
LOAD .build/obj_testamatta_keyboard_ex011_blackpill_default/./lib/chibios/os/common/startup/ARMCMx/compilers/GCC/crt0_v7m.o
LOAD .build/obj_testamatta_keyboard_ex011_blackpill_default/./lib/chibios/os/common/startup/ARMCMx/compilers/GCC/vectors.o
LOAD .build/obj_testamatta_keyboard_ex011_blackpill_default/./lib/chibios/os/common/ports/ARMv7-M/compilers/GCC/chcoreasm.o
LOAD .build/obj_testamatta_keyboard_ex011_blackpill_default/protocol/host.o
LOAD .build/obj_testamatta_keyboard_ex011_blackpill_default/protocol/report.o
LOAD .build/obj_testamatta_keyboard_ex011_blackpill_default/protocol/usb_device_state.o
LOAD .build/obj_testamatta_keyboard_ex011_blackpill_default/protocol/usb_util.o
LOAD .build/obj_testamatta_keyboard_ex011_blackpill_default/platforms/suspend.o
LOAD .build/obj_testamatta_keyboard_ex011_blackpill_default/platforms/chibios/hardware_id.o
LOAD .build/obj_testamatta_keyboard_ex011_blackpill_default/platforms/chibios/platform.o
LOAD .build/obj_testamatta_keyboard_ex011_blackpill_default/platforms/chibios/suspend.o
LOAD .build/obj_testamatta_keyboard_ex011_blackpill_default/platforms/chibios/timer.o
LOAD .build/obj_testamatta_keyboard_ex011_blackpill_default/platforms/chibios/bootloaders/tinyuf2.o
LOAD .build/obj_testamatta_keyboard_ex011_blackpill_default/protocol/chibios/usb_main.o
LOAD .build/obj_testamatta_keyboard_ex011_blackpill_default/protocol/chibios/chibios.o
LOAD .build/obj_testamatta_keyboard_ex011_blackpill_default/usb_descriptor.o
LOAD .build/obj_testamatta_keyboard_ex011_blackpill_default/protocol/chibios/usb_driver.o
LOAD .build/obj_testamatta_keyboard_ex011_blackpill_default/protocol/chibios/usb_util.o
LOAD .build/obj_testamatta_keyboard_ex011_blackpill_default/./lib/chibios/os/oslib/src/chmboxes.o
LOAD .build/obj_testamatta_keyboard_ex011_blackpill_default/./lib/chibios/os/oslib/src/chmemcore.o
LOAD .build/obj_testamatta_keyboard_ex011_blackpill_default/./lib/chibios/os/oslib/src/chmemheaps.o
LOAD .build/obj_testamatta_keyboard_ex011_blackpill_default/./lib/chibios/os/oslib/src/chmempools.o
LOAD .build/obj_testamatta_keyboard_ex011_blackpill_default/./lib/chibios/os/oslib/src/chpipes.o
LOAD .build/obj_testamatta_keyboard_ex011_blackpill_default/./lib/chibios/os/oslib/src/chobjcaches.o
LOAD .build/obj_testamatta_keyboard_ex011_blackpill_default/./lib/chibios/os/oslib/src/chdelegates.o
LOAD .build/obj_testamatta_keyboard_ex011_blackpill_default/./lib/chibios/os/oslib/src/chfactory.o
LOAD .build/obj_testamatta_keyboard_ex011_blackpill/lib/chibios/os/common/startup/ARMCMx/compilers/GCC/crt1.o
LOAD .build/obj_testamatta_keyboard_ex011_blackpill/lib/chibios/os/rt/src/chsys.o
LOAD .build/obj_testamatta_keyboard_ex011_blackpill/lib/chibios/os/rt/src/chrfcu.o
LOAD .build/obj_testamatta_keyboard_ex011_blackpill/lib/chibios/os/rt/src/chdebug.o
LOAD .build/obj_testamatta_keyboard_ex011_blackpill/lib/chibios/os/rt/src/chtrace.o
LOAD .build/obj_testamatta_keyboard_ex011_blackpill/lib/chibios/os/rt/src/chvt.o
LOAD .build/obj_testamatta_keyboard_ex011_blackpill/lib/chibios/os/rt/src/chschd.o
LOAD .build/obj_testamatta_keyboard_ex011_blackpill/lib/chibios/os/rt/src/chinstances.o
LOAD .build/obj_testamatta_keyboard_ex011_blackpill/lib/chibios/os/rt/src/chthreads.o
LOAD .build/obj_testamatta_keyboard_ex011_blackpill/lib/chibios/os/rt/src/chtm.o
LOAD .build/obj_testamatta_keyboard_ex011_blackpill/lib/chibios/os/rt/src/chstats.o
LOAD .build/obj_testamatta_keyboard_ex011_blackpill/lib/chibios/os/rt/src/chregistry.o
LOAD .build/obj_testamatta_keyboard_ex011_blackpill/lib/chibios/os/rt/src/chsem.o
LOAD .build/obj_testamatta_keyboard_ex011_blackpill/lib/chibios/os/rt/src/chmtx.o
LOAD .build/obj_testamatta_keyboard_ex011_blackpill/lib/chibios/os/rt/src/chcond.o
LOAD .build/obj_testamatta_keyboard_ex011_blackpill/lib/chibios/os/rt/src/chevents.o
LOAD .build/obj_testamatta_keyboard_ex011_blackpill/lib/chibios/os/rt/src/chmsg.o
LOAD .build/obj_testamatta_keyboard_ex011_blackpill/lib/chibios/os/rt/src/chdynamic.o
LOAD .build/obj_testamatta_keyboard_ex011_blackpill/lib/chibios/os/common/ports/ARMv7-M/chcore.o
LOAD .build/obj_testamatta_keyboard_ex011_blackpill/lib/chibios/os/hal/osal/rt-nil/osal.o
LOAD .build/obj_testamatta_keyboard_ex011_blackpill/lib/chibios/os/hal/src/hal.o
LOAD .build/obj_testamatta_keyboard_ex011_blackpill/lib/chibios/os/hal/src/hal_st.o
LOAD .build/obj_testamatta_keyboard_ex011_blackpill/lib/chibios/os/hal/src/hal_buffers.o
LOAD .build/obj_testamatta_keyboard_ex011_blackpill/lib/chibios/os/hal/src/hal_queues.o
LOAD .build/obj_testamatta_keyboard_ex011_blackpill/lib/chibios/os/hal/src/hal_flash.o
LOAD .build/obj_testamatta_keyboard_ex011_blackpill/lib/chibios/os/hal/src/hal_mmcsd.o
LOAD .build/obj_testamatta_keyboard_ex011_blackpill/lib/chibios/os/hal/src/hal_adc.o
LOAD .build/obj_testamatta_keyboard_ex011_blackpill/lib/chibios/os/hal/src/hal_can.o
LOAD .build/obj_testamatta_keyboard_ex011_blackpill/lib/chibios/os/hal/src/hal_crypto.o
LOAD .build/obj_testamatta_keyboard_ex011_blackpill/lib/chibios/os/hal/src/hal_dac.o
LOAD .build/obj_testamatta_keyboard_ex011_blackpill/lib/chibios/os/hal/src/hal_efl.o
LOAD .build/obj_testamatta_keyboard_ex011_blackpill/lib/chibios/os/hal/src/hal_gpt.o
LOAD .build/obj_testamatta_keyboard_ex011_blackpill/lib/chibios/os/hal/src/hal_i2c.o
LOAD .build/obj_testamatta_keyboard_ex011_blackpill/lib/chibios/os/hal/src/hal_i2s.o
LOAD .build/obj_testamatta_keyboard_ex011_blackpill/lib/chibios/os/hal/src/hal_icu.o
LOAD .build/obj_testamatta_keyboard_ex011_blackpill/lib/chibios/os/hal/src/hal_mac.o
LOAD .build/obj_testamatta_keyboard_ex011_blackpill/lib/chibios/os/hal/src/hal_mmc_spi.o
LOAD .build/obj_testamatta_keyboard_ex011_blackpill/lib/chibios/os/hal/src/hal_pal.o
LOAD .build/obj_testamatta_keyboard_ex011_blackpill/lib/chibios/os/hal/src/hal_pwm.o
LOAD .build/obj_testamatta_keyboard_ex011_blackpill/lib/chibios/os/hal/src/hal_rtc.o
LOAD .build/obj_testamatta_keyboard_ex011_blackpill/lib/chibios/os/hal/src/hal_sdc.o
LOAD .build/obj_testamatta_keyboard_ex011_blackpill/lib/chibios/os/hal/src/hal_serial.o
LOAD .build/obj_testamatta_keyboard_ex011_blackpill/lib/chibios/os/hal/src/hal_serial_usb.o
LOAD .build/obj_testamatta_keyboard_ex011_blackpill/lib/chibios/os/hal/src/hal_sio.o
LOAD .build/obj_testamatta_keyboard_ex011_blackpill/lib/chibios/os/hal/src/hal_spi.o
LOAD .build/obj_testamatta_keyboard_ex011_blackpill/lib/chibios/os/hal/src/hal_trng.o
LOAD .build/obj_testamatta_keyboard_ex011_blackpill/lib/chibios/os/hal/src/hal_uart.o
LOAD .build/obj_testamatta_keyboard_ex011_blackpill/lib/chibios/os/hal/src/hal_usb.o
LOAD .build/obj_testamatta_keyboard_ex011_blackpill/lib/chibios/os/hal/src/hal_wdg.o
LOAD .build/obj_testamatta_keyboard_ex011_blackpill/lib/chibios/os/hal/src/hal_wspi.o
LOAD .build/obj_testamatta_keyboard_ex011_blackpill/lib/chibios/os/hal/ports/common/ARMCMx/nvic.o
LOAD .build/obj_testamatta_keyboard_ex011_blackpill/lib/chibios/os/hal/ports/STM32/STM32F4xx/stm32_isr.o
LOAD .build/obj_testamatta_keyboard_ex011_blackpill/lib/chibios/os/hal/ports/STM32/STM32F4xx/hal_lld.o
LOAD .build/obj_testamatta_keyboard_ex011_blackpill/lib/chibios/os/hal/ports/STM32/STM32F4xx/hal_efl_lld.o
LOAD .build/obj_testamatta_keyboard_ex011_blackpill/lib/chibios/os/hal/ports/STM32/LLD/ADCv2/hal_adc_lld.o
LOAD .build/obj_testamatta_keyboard_ex011_blackpill/lib/chibios/os/hal/ports/STM32/LLD/CANv1/hal_can_lld.o
LOAD .build/obj_testamatta_keyboard_ex011_blackpill/lib/chibios/os/hal/ports/STM32/LLD/CRYPv1/hal_crypto_lld.o
LOAD .build/obj_testamatta_keyboard_ex011_blackpill/lib/chibios/os/hal/ports/STM32/LLD/DACv1/hal_dac_lld.o
LOAD .build/obj_testamatta_keyboard_ex011_blackpill/lib/chibios/os/hal/ports/STM32/LLD/DMAv2/stm32_dma.o
LOAD .build/obj_testamatta_keyboard_ex011_blackpill/lib/chibios/os/hal/ports/STM32/LLD/EXTIv1/stm32_exti.o
LOAD .build/obj_testamatta_keyboard_ex011_blackpill/lib/chibios/os/hal/ports/STM32/LLD/GPIOv2/hal_pal_lld.o
LOAD .build/obj_testamatta_keyboard_ex011_blackpill/lib/chibios/os/hal/ports/STM32/LLD/I2Cv1/hal_i2c_lld.o
LOAD .build/obj_testamatta_keyboard_ex011_blackpill/lib/chibios/os/hal/ports/STM32/LLD/MACv1/hal_mac_lld.o
LOAD .build/obj_testamatta_keyboard_ex011_blackpill/lib/chibios/os/hal/ports/STM32/LLD/OTGv1/hal_usb_lld.o
LOAD .build/obj_testamatta_keyboard_ex011_blackpill/lib/chibios/os/hal/ports/STM32/LLD/QUADSPIv1/hal_wspi_lld.o
LOAD .build/obj_testamatta_keyboard_ex011_blackpill/lib/chibios/os/hal/ports/STM32/LLD/RTCv2/hal_rtc_lld.o
LOAD .build/obj_testamatta_keyboard_ex011_blackpill/lib/chibios/os/hal/ports/STM32/LLD/SPIv1/hal_i2s_lld.o
LOAD .build/obj_testamatta_keyboard_ex011_blackpill/lib/chibios/os/hal/ports/STM32/LLD/SPIv1/hal_spi_v2_lld.o
LOAD .build/obj_testamatta_keyboard_ex011_blackpill/lib/chibios/os/hal/ports/STM32/LLD/SDIOv1/hal_sdc_lld.o
LOAD .build/obj_testamatta_keyboard_ex011_blackpill/lib/chibios/os/hal/ports/STM32/LLD/SYSTICKv1/hal_st_lld.o
LOAD .build/obj_testamatta_keyboard_ex011_blackpill/lib/chibios/os/hal/ports/STM32/LLD/TIMv1/hal_gpt_lld.o
LOAD .build/obj_testamatta_keyboard_ex011_blackpill/lib/chibios/os/hal/ports/STM32/LLD/TIMv1/hal_icu_lld.o
LOAD .build/obj_testamatta_keyboard_ex011_blackpill/lib/chibios/os/hal/ports/STM32/LLD/TIMv1/hal_pwm_lld.o
LOAD .build/obj_testamatta_keyboard_ex011_blackpill/lib/chibios/os/hal/ports/STM32/LLD/USARTv1/hal_serial_lld.o
LOAD .build/obj_testamatta_keyboard_ex011_blackpill/lib/chibios/os/hal/ports/STM32/LLD/USARTv1/hal_uart_lld.o
LOAD .build/obj_testamatta_keyboard_ex011_blackpill/lib/chibios/os/hal/ports/STM32/LLD/xWDGv1/hal_wdg_lld.o
LOAD .build/obj_testamatta_keyboard_ex011_blackpill/lib/chibios/os/hal/boards/ST_NUCLEO64_F411RE/board.o
LOAD .build/obj_testamatta_keyboard_ex011_blackpill/lib/chibios/os/hal/lib/streams/chprintf.o
LOAD .build/obj_testamatta_keyboard_ex011_blackpill/lib/chibios/os/hal/lib/streams/chscanf.o
LOAD .build/obj_testamatta_keyboard_ex011_blackpill/lib/chibios/os/hal/lib/streams/memstreams.o
LOAD .build/obj_testamatta_keyboard_ex011_blackpill/lib/chibios/os/hal/lib/streams/nullstreams.o
LOAD .build/obj_testamatta_keyboard_ex011_blackpill/lib/chibios/os/hal/lib/streams/bufstreams.o
LOAD .build/obj_testamatta_keyboard_ex011_blackpill/lib/chibios/os/various/syscalls.o
LOAD .build/obj_testamatta_keyboard_ex011_blackpill/platforms/chibios/syscall-fallbacks.o
LOAD .build/obj_testamatta_keyboard_ex011_blackpill/platforms/chibios/wait.o
LOAD .build/obj_testamatta_keyboard_ex011_blackpill/platforms/chibios/synchronization_util.o
                0x0000000000000800                __process_stack_size__ = 0x800
                0x0000000000000400                __main_stack_size__ = 0x400
LOAD c:/qmk_msys/mingw64/bin/../lib/gcc/arm-none-eabi/10.1.0/../../../../arm-none-eabi/lib/thumb/v7e-m+fp/hard\libm.a
START GROUP
LOAD c:/qmk_msys/mingw64/bin/../lib/gcc/arm-none-eabi/10.1.0/thumb/v7e-m+fp/hard\libgcc.a
LOAD c:/qmk_msys/mingw64/bin/../lib/gcc/arm-none-eabi/10.1.0/../../../../arm-none-eabi/lib/thumb/v7e-m+fp/hard\libg_nano.a
LOAD c:/qmk_msys/mingw64/bin/../lib/gcc/arm-none-eabi/10.1.0/../../../../arm-none-eabi/lib/thumb/v7e-m+fp/hard\libc_nano.a
END GROUP
START GROUP
LOAD c:/qmk_msys/mingw64/bin/../lib/gcc/arm-none-eabi/10.1.0/thumb/v7e-m+fp/hard\libgcc.a
LOAD c:/qmk_msys/mingw64/bin/../lib/gcc/arm-none-eabi/10.1.0/../../../../arm-none-eabi/lib/thumb/v7e-m+fp/hard\libc_nano.a
END GROUP

.mstack         0x0000000020000000      0x400
                0x0000000020000000                . = ALIGN (0x8)
                0x0000000020000000                __main_stack_base__ = .
                0x0000000020000400                . = (. + __main_stack_size__)
 *fill*         0x0000000020000000      0x400 
                0x0000000020000400                . = ALIGN (0x8)
                0x0000000020000400                __main_stack_end__ = .

.pstack         0x0000000020000400      0x800
                0x0000000020000400                . = ALIGN (0x8)
                0x0000000020000400                __process_stack_base__ = .
                0x0000000020000400                __main_thread_stack_base__ = .
                0x0000000020000c00                . = (. + __process_stack_size__)
 *fill*         0x0000000020000400      0x800 
                0x0000000020000c00                . = ALIGN (0x8)
                0x0000000020000c00                __process_stack_end__ = .
                0x0000000020000c00                __main_thread_stack_end__ = .

.vectors        0x0000000008010000      0x1e0
                0x0000000008010000                __textvectors_base__ = LOADADDR (.vectors)
                0x0000000008010000                __vectors_base__ = .
 *(.vectors)
 .vectors       0x0000000008010000      0x1e0 .build/obj_testamatta_keyboard_ex011_blackpill_default/./lib/chibios/os/common/startup/ARMCMx/compilers/GCC/vectors.o
                0x0000000008010000                _vectors
                0x00000000080101e0                __vectors_end__ = .

.xtors          0x00000000080101e0        0x0
                0x00000000080101e0                __init_array_base__ = .
 *(SORT_BY_NAME(.init_array.*))
 *(.init_array)
                0x00000000080101e0                __init_array_end__ = .
                0x00000000080101e0                __fini_array_base__ = .
 *(.fini_array)
 *(SORT_BY_NAME(.fini_array.*))
                0x00000000080101e0                __fini_array_end__ = .

.text           0x00000000080101e0     0x671e
                0x00000000080101e0                __text_base__ = .
 *(.text)
 .text          0x00000000080101e0      0x11c .build/obj_testamatta_keyboard_ex011_blackpill_default/./lib/chibios/os/common/startup/ARMCMx/compilers/GCC/crt0_v7m.o
                0x00000000080101e0                _crt0_entry
 .text          0x00000000080102fc        0x8 .build/obj_testamatta_keyboard_ex011_blackpill_default/./lib/chibios/os/common/startup/ARMCMx/compilers/GCC/vectors.o
                0x00000000080102fc                Reset_Handler
                0x00000000080102fe                VectorE8
                0x00000000080102fe                Vector9C
                0x00000000080102fe                VectorAC
                0x00000000080102fe                DebugMon_Handler
                0x00000000080102fe                Vector1A0
                0x00000000080102fe                Vector5C
                0x00000000080102fe                Vector11C
                0x00000000080102fe                HardFault_Handler
                0x00000000080102fe                Vector1B8
                0x00000000080102fe                Vector19C
                0x00000000080102fe                Vector8C
                0x00000000080102fe                SysTick_Handler
                0x00000000080102fe                VectorDC
                0x00000000080102fe                PendSV_Handler
                0x00000000080102fe                Vector168
                0x00000000080102fe                NMI_Handler
                0x00000000080102fe                Vector110
                0x00000000080102fe                Vector120
                0x00000000080102fe                Vector1D8
                0x00000000080102fe                VectorC8
                0x00000000080102fe                Vector94
                0x00000000080102fe                VectorA8
                0x00000000080102fe                VectorB4
                0x00000000080102fe                Vector74
                0x00000000080102fe                Vector160
                0x00000000080102fe                Vector1B0
                0x00000000080102fe                UsageFault_Handler
                0x00000000080102fe                VectorEC
                0x00000000080102fe                Vector40
                0x00000000080102fe                VectorF8
                0x00000000080102fe                Vector108
                0x00000000080102fe                VectorBC
                0x00000000080102fe                Vector190
                0x00000000080102fe                Vector150
                0x00000000080102fe                Vector124
                0x00000000080102fe                Vector1C4
                0x00000000080102fe                Vector1CC
                0x00000000080102fe                Vector148
                0x00000000080102fe                Vector188
                0x00000000080102fe                Vector198
                0x00000000080102fe                Vector118
                0x00000000080102fe                Vector64
                0x00000000080102fe                Vector58
                0x00000000080102fe                VectorCC
                0x00000000080102fe                Vector54
                0x00000000080102fe                Vector98
                0x00000000080102fe                VectorD8
                0x00000000080102fe                Vector138
                0x00000000080102fe                Vector24
                0x00000000080102fe                Vector1AC
                0x00000000080102fe                Vector178
                0x00000000080102fe                Vector84
                0x00000000080102fe                SecureFault_Handler
                0x00000000080102fe                Vector1A4
                0x00000000080102fe                VectorD0
                0x00000000080102fe                Vector1B4
                0x00000000080102fe                Vector140
                0x00000000080102fe                VectorE4
                0x00000000080102fe                VectorC0
                0x00000000080102fe                Vector158
                0x00000000080102fe                Vector130
                0x00000000080102fe                Vector1C0
                0x00000000080102fe                Vector134
                0x00000000080102fe                Vector1D0
                0x00000000080102fe                VectorF0
                0x00000000080102fe                Vector12C
                0x00000000080102fe                Vector13C
                0x00000000080102fe                Vector100
                0x00000000080102fe                VectorE0
                0x00000000080102fe                VectorF4
                0x00000000080102fe                MemManage_Handler
                0x00000000080102fe                Vector6C
                0x00000000080102fe                VectorA0
                0x00000000080102fe                VectorC4
                0x00000000080102fe                Vector7C
                0x00000000080102fe                Vector180
                0x00000000080102fe                Vector90
                0x00000000080102fe                Vector114
                0x00000000080102fe                Vector164
                0x00000000080102fe                Vector60
                0x00000000080102fe                Vector1BC
                0x00000000080102fe                Vector1D4
                0x00000000080102fe                Vector17C
                0x00000000080102fe                Vector48
                0x00000000080102fe                Vector1A8
                0x00000000080102fe                Vector16C
                0x00000000080102fe                Vector70
                0x00000000080102fe                VectorD4
                0x00000000080102fe                Vector4C
                0x00000000080102fe                Vector144
                0x00000000080102fe                Vector80
                0x00000000080102fe                Vector15C
                0x00000000080102fe                Vector68
                0x00000000080102fe                Vector78
                0x00000000080102fe                Vector18C
                0x00000000080102fe                Vector170
                0x00000000080102fe                Vector88
                0x00000000080102fe                Vector104
                0x00000000080102fe                Vector184
                0x00000000080102fe                Vector10C
                0x00000000080102fe                BusFault_Handler
                0x00000000080102fe                Vector50
                0x00000000080102fe                Vector1C8
                0x00000000080102fe                Vector194
                0x00000000080102fe                Vector1DC
                0x00000000080102fe                Vector154
                0x00000000080102fe                Vector44
                0x00000000080102fe                Vector28
                0x00000000080102fe                VectorB8
                0x00000000080102fe                VectorFC
                0x00000000080102fe                Vector34
                0x00000000080102fe                Vector128
                0x00000000080102fe                VectorA4
                0x00000000080102fe                Vector20
                0x00000000080102fe                Vector174
                0x0000000008010302                _unhandled_exception
 .text          0x0000000008010304       0x32 .build/obj_testamatta_keyboard_ex011_blackpill_default/./lib/chibios/os/common/ports/ARMv7-M/compilers/GCC/chcoreasm.o
                0x0000000008010304                __port_switch
                0x000000000801031c                __port_thread_start
                0x000000000801032e                __port_switch_from_isr
                0x0000000008010332                __port_exit_from_isr
 *fill*         0x0000000008010336        0x2 
 .text          0x0000000008010338       0x30 c:/qmk_msys/mingw64/bin/../lib/gcc/arm-none-eabi/10.1.0/thumb/v7e-m+fp/hard\libgcc.a(_aeabi_uldivmod.o)
                0x0000000008010338                __aeabi_uldivmod
 .text          0x0000000008010368        0x4 c:/qmk_msys/mingw64/bin/../lib/gcc/arm-none-eabi/10.1.0/thumb/v7e-m+fp/hard\libgcc.a(_dvmd_tls.o)
                0x0000000008010368                __aeabi_idiv0
                0x0000000008010368                __aeabi_ldiv0
 .text          0x000000000801036c       0x60 c:/qmk_msys/mingw64/bin/../lib/gcc/arm-none-eabi/10.1.0/../../../../arm-none-eabi/lib/thumb/v7e-m+fp/hard\libg_nano.a(lib_a-memcmp.o)
                0x000000000801036c                memcmp
 .text          0x00000000080103cc      0x134 c:/qmk_msys/mingw64/bin/../lib/gcc/arm-none-eabi/10.1.0/../../../../arm-none-eabi/lib/thumb/v7e-m+fp/hard\libg_nano.a(lib_a-memcpy.o)
                0x00000000080103cc                memcpy
 .text          0x0000000008010500       0xa0 c:/qmk_msys/mingw64/bin/../lib/gcc/arm-none-eabi/10.1.0/../../../../arm-none-eabi/lib/thumb/v7e-m+fp/hard\libg_nano.a(lib_a-memset.o)
                0x0000000008010500                memset
 *(.text.*)
 .text.matrix_init_custom
                0x00000000080105a0       0x94 .build/obj_testamatta_keyboard_ex011_blackpill_default/matrix.o
                0x00000000080105a0                matrix_init_custom
 .text.matrix_read_rows_on_col
                0x0000000008010634       0xa8 .build/obj_testamatta_keyboard_ex011_blackpill_default/matrix.o
                0x0000000008010634                matrix_read_rows_on_col
 .text.matrix_scan_custom
                0x00000000080106dc       0x46 .build/obj_testamatta_keyboard_ex011_blackpill_default/matrix.o
                0x00000000080106dc                matrix_scan_custom
 .text.encoder_update_user
                0x0000000008010722       0x22 .build/obj_testamatta_keyboard_ex011_blackpill_default/quantum/keymap_introspection.o
                0x0000000008010722                encoder_update_user
 .text.keymap_layer_count
                0x0000000008010744        0x4 .build/obj_testamatta_keyboard_ex011_blackpill_default/quantum/keymap_introspection.o
                0x0000000008010744                keymap_layer_count
 .text.process_action_kb
                0x0000000008010748        0x4 .build/obj_testamatta_keyboard_ex011_blackpill_default/quantum/quantum.o
                0x0000000008010748                process_action_kb
 .text.process_record_user
                0x000000000801074c        0x4 .build/obj_testamatta_keyboard_ex011_blackpill_default/quantum/quantum.o
                0x000000000801074c                process_record_user
 .text.process_record_kb
                0x0000000008010750        0x8 .build/obj_testamatta_keyboard_ex011_blackpill_default/quantum/quantum.o
                0x0000000008010750                process_record_kb
 .text.post_process_record_user
                0x0000000008010758        0x2 .build/obj_testamatta_keyboard_ex011_blackpill_default/quantum/quantum.o
                0x0000000008010758                post_process_record_user
 .text.post_process_record_kb
                0x000000000801075a        0x8 .build/obj_testamatta_keyboard_ex011_blackpill_default/quantum/quantum.o
                0x000000000801075a                post_process_record_kb
 *fill*         0x0000000008010762        0x2 
 .text.get_event_keycode
                0x0000000008010764       0x4c .build/obj_testamatta_keyboard_ex011_blackpill_default/quantum/quantum.o
                0x0000000008010764                get_event_keycode
 .text.get_record_keycode
                0x00000000080107b0       0x18 .build/obj_testamatta_keyboard_ex011_blackpill_default/quantum/quantum.o
                0x00000000080107b0                get_record_keycode
 .text.pre_process_record_quantum
                0x00000000080107c8        0x4 .build/obj_testamatta_keyboard_ex011_blackpill_default/quantum/quantum.o
                0x00000000080107c8                pre_process_record_quantum
 .text.post_process_record_quantum
                0x00000000080107cc       0x12 .build/obj_testamatta_keyboard_ex011_blackpill_default/quantum/quantum.o
                0x00000000080107cc                post_process_record_quantum
 .text.update_tri_layer_state
                0x00000000080107de       0x22 .build/obj_testamatta_keyboard_ex011_blackpill_default/quantum/quantum.o
                0x00000000080107de                update_tri_layer_state
 .text.update_tri_layer
                0x0000000008010800       0x1c .build/obj_testamatta_keyboard_ex011_blackpill_default/quantum/quantum.o
                0x0000000008010800                update_tri_layer
 .text.matrix_init_quantum
                0x000000000801081c        0x4 .build/obj_testamatta_keyboard_ex011_blackpill_default/quantum/quantum.o
                0x000000000801081c                matrix_init_quantum
 .text.matrix_scan_quantum
                0x0000000008010820        0x4 .build/obj_testamatta_keyboard_ex011_blackpill_default/quantum/quantum.o
                0x0000000008010820                matrix_scan_quantum
 .text.shutdown_user
                0x0000000008010824        0x2 .build/obj_testamatta_keyboard_ex011_blackpill_default/quantum/quantum.o
                0x0000000008010824                shutdown_user
 .text.shutdown_quantum
                0x0000000008010826       0x16 .build/obj_testamatta_keyboard_ex011_blackpill_default/quantum/quantum.o
                0x0000000008010826                shutdown_quantum
 .text.reset_keyboard
                0x000000000801083c        0xe .build/obj_testamatta_keyboard_ex011_blackpill_default/quantum/quantum.o
                0x000000000801083c                reset_keyboard
 .text.soft_reset_keyboard
                0x000000000801084a        0xe .build/obj_testamatta_keyboard_ex011_blackpill_default/quantum/quantum.o
                0x000000000801084a                soft_reset_keyboard
 .text.process_record_quantum
                0x0000000008010858       0xa8 .build/obj_testamatta_keyboard_ex011_blackpill_default/quantum/quantum.o
                0x0000000008010858                process_record_quantum
 .text.suspend_power_down_quantum
                0x0000000008010900        0xe .build/obj_testamatta_keyboard_ex011_blackpill_default/quantum/quantum.o
                0x0000000008010900                suspend_power_down_quantum
 .text.suspend_wakeup_init_quantum
                0x000000000801090e        0xe .build/obj_testamatta_keyboard_ex011_blackpill_default/quantum/quantum.o
                0x000000000801090e                suspend_wakeup_init_quantum
 .text.led_set_user
                0x000000000801091c        0x2 .build/obj_testamatta_keyboard_ex011_blackpill_default/quantum/led.o
                0x000000000801091c                led_set_user
 .text.led_set_kb
                0x000000000801091e        0x8 .build/obj_testamatta_keyboard_ex011_blackpill_default/quantum/led.o
                0x000000000801091e                led_set_kb
 .text.led_update_user
                0x0000000008010926        0x4 .build/obj_testamatta_keyboard_ex011_blackpill_default/quantum/led.o
                0x0000000008010926                led_update_user
 .text.led_update_kb
                0x000000000801092a        0x8 .build/obj_testamatta_keyboard_ex011_blackpill_default/quantum/led.o
                0x000000000801092a                led_update_kb
 .text.led_init_ports
                0x0000000008010932        0x2 .build/obj_testamatta_keyboard_ex011_blackpill_default/quantum/led.o
                0x0000000008010932                led_init_ports
 .text.led_set  0x0000000008010934       0x10 .build/obj_testamatta_keyboard_ex011_blackpill_default/quantum/led.o
                0x0000000008010934                led_set
 .text.led_suspend
                0x0000000008010944        0xa .build/obj_testamatta_keyboard_ex011_blackpill_default/quantum/led.o
                0x0000000008010944                led_suspend
 .text.led_wakeup
                0x000000000801094e        0xc .build/obj_testamatta_keyboard_ex011_blackpill_default/quantum/led.o
                0x000000000801094e                led_wakeup
 *fill*         0x000000000801095a        0x2 
 .text.led_task
                0x000000000801095c       0x2c .build/obj_testamatta_keyboard_ex011_blackpill_default/quantum/led.o
                0x000000000801095c                led_task
 .text.action_exec
                0x0000000008010988       0x52 .build/obj_testamatta_keyboard_ex011_blackpill_default/quantum/action.o
                0x0000000008010988                action_exec
 .text.process_record_tap_hint
                0x00000000080109da        0x6 .build/obj_testamatta_keyboard_ex011_blackpill_default/quantum/action.o
                0x00000000080109da                process_record_tap_hint
 .text.register_code
                0x00000000080109e0      0x100 .build/obj_testamatta_keyboard_ex011_blackpill_default/quantum/action.o
                0x00000000080109e0                register_code
 .text.unregister_code
                0x0000000008010ae0       0xba .build/obj_testamatta_keyboard_ex011_blackpill_default/quantum/action.o
                0x0000000008010ae0                unregister_code
 .text.tap_code_delay
                0x0000000008010b9a       0x20 .build/obj_testamatta_keyboard_ex011_blackpill_default/quantum/action.o
                0x0000000008010b9a                tap_code_delay
 .text.tap_code
                0x0000000008010bba       0x10 .build/obj_testamatta_keyboard_ex011_blackpill_default/quantum/action.o
                0x0000000008010bba                tap_code
 .text.register_mods
                0x0000000008010bca       0x12 .build/obj_testamatta_keyboard_ex011_blackpill_default/quantum/action.o
                0x0000000008010bca                register_mods
 .text.unregister_mods
                0x0000000008010bdc       0x12 .build/obj_testamatta_keyboard_ex011_blackpill_default/quantum/action.o
                0x0000000008010bdc                unregister_mods
 *fill*         0x0000000008010bee        0x2 
 .text.process_action
                0x0000000008010bf0      0x3d4 .build/obj_testamatta_keyboard_ex011_blackpill_default/quantum/action.o
                0x0000000008010bf0                process_action
 .text.process_record_handler
                0x0000000008010fc4       0x26 .build/obj_testamatta_keyboard_ex011_blackpill_default/quantum/action.o
                0x0000000008010fc4                process_record_handler
 *fill*         0x0000000008010fea        0x2 
 .text.process_record
                0x0000000008010fec       0x58 .build/obj_testamatta_keyboard_ex011_blackpill_default/quantum/action.o
                0x0000000008010fec                process_record
 .text.clear_keyboard_but_mods_and_keys
                0x0000000008011044       0x22 .build/obj_testamatta_keyboard_ex011_blackpill_default/quantum/action.o
                0x0000000008011044                clear_keyboard_but_mods_and_keys
 .text.clear_keyboard_but_mods
                0x0000000008011066        0xe .build/obj_testamatta_keyboard_ex011_blackpill_default/quantum/action.o
                0x0000000008011066                clear_keyboard_but_mods
 .text.clear_keyboard
                0x0000000008011074        0xe .build/obj_testamatta_keyboard_ex011_blackpill_default/quantum/action.o
                0x0000000008011074                clear_keyboard
 .text.is_tap_action
                0x0000000008011082       0x42 .build/obj_testamatta_keyboard_ex011_blackpill_default/quantum/action.o
                0x0000000008011082                is_tap_action
 .text.is_tap_record
                0x00000000080110c4       0x34 .build/obj_testamatta_keyboard_ex011_blackpill_default/quantum/action.o
                0x00000000080110c4                is_tap_record
 .text.debug_event
                0x00000000080110f8        0xc .build/obj_testamatta_keyboard_ex011_blackpill_default/quantum/action.o
                0x00000000080110f8                debug_event
 .text.debug_record
                0x0000000008011104        0xc .build/obj_testamatta_keyboard_ex011_blackpill_default/quantum/action.o
                0x0000000008011104                debug_record
 .text.default_layer_state_set_user
                0x0000000008011110        0x2 .build/obj_testamatta_keyboard_ex011_blackpill_default/quantum/action_layer.o
                0x0000000008011110                default_layer_state_set_user
 .text.default_layer_state_set_kb
                0x0000000008011112        0x8 .build/obj_testamatta_keyboard_ex011_blackpill_default/quantum/action_layer.o
                0x0000000008011112                default_layer_state_set_kb
 *fill*         0x000000000801111a        0x2 
 .text.default_layer_state_set
                0x000000000801111c       0x18 .build/obj_testamatta_keyboard_ex011_blackpill_default/quantum/action_layer.o
 .text.default_layer_debug
                0x0000000008011134        0x2 .build/obj_testamatta_keyboard_ex011_blackpill_default/quantum/action_layer.o
                0x0000000008011134                default_layer_debug
 .text.default_layer_set
                0x0000000008011136        0x4 .build/obj_testamatta_keyboard_ex011_blackpill_default/quantum/action_layer.o
                0x0000000008011136                default_layer_set
 *fill*         0x000000000801113a        0x2 
 .text.default_layer_or
                0x000000000801113c       0x10 .build/obj_testamatta_keyboard_ex011_blackpill_default/quantum/action_layer.o
                0x000000000801113c                default_layer_or
 .text.default_layer_and
                0x000000000801114c       0x10 .build/obj_testamatta_keyboard_ex011_blackpill_default/quantum/action_layer.o
                0x000000000801114c                default_layer_and
 .text.default_layer_xor
                0x000000000801115c       0x10 .build/obj_testamatta_keyboard_ex011_blackpill_default/quantum/action_layer.o
                0x000000000801115c                default_layer_xor
 .text.layer_state_set_user
                0x000000000801116c        0x2 .build/obj_testamatta_keyboard_ex011_blackpill_default/quantum/action_layer.o
                0x000000000801116c                layer_state_set_user
 .text.layer_state_set_kb
                0x000000000801116e        0x8 .build/obj_testamatta_keyboard_ex011_blackpill_default/quantum/action_layer.o
                0x000000000801116e                layer_state_set_kb
 *fill*         0x0000000008011176        0x2 
 .text.layer_state_set
                0x0000000008011178       0x18 .build/obj_testamatta_keyboard_ex011_blackpill_default/quantum/action_layer.o
                0x0000000008011178                layer_state_set
 .text.layer_clear
                0x0000000008011190        0x6 .build/obj_testamatta_keyboard_ex011_blackpill_default/quantum/action_layer.o
                0x0000000008011190                layer_clear
 .text.layer_move
                0x0000000008011196        0xc .build/obj_testamatta_keyboard_ex011_blackpill_default/quantum/action_layer.o
                0x0000000008011196                layer_move
 *fill*         0x00000000080111a2        0x2 
 .text.layer_on
                0x00000000080111a4       0x18 .build/obj_testamatta_keyboard_ex011_blackpill_default/quantum/action_layer.o
                0x00000000080111a4                layer_on
 .text.layer_off
                0x00000000080111bc       0x18 .build/obj_testamatta_keyboard_ex011_blackpill_default/quantum/action_layer.o
                0x00000000080111bc                layer_off
 .text.layer_invert
                0x00000000080111d4       0x18 .build/obj_testamatta_keyboard_ex011_blackpill_default/quantum/action_layer.o
                0x00000000080111d4                layer_invert
 .text.layer_or
                0x00000000080111ec       0x10 .build/obj_testamatta_keyboard_ex011_blackpill_default/quantum/action_layer.o
                0x00000000080111ec                layer_or
 .text.layer_and
                0x00000000080111fc       0x10 .build/obj_testamatta_keyboard_ex011_blackpill_default/quantum/action_layer.o
                0x00000000080111fc                layer_and
 .text.layer_xor
                0x000000000801120c       0x10 .build/obj_testamatta_keyboard_ex011_blackpill_default/quantum/action_layer.o
                0x000000000801120c                layer_xor
 .text.layer_debug
                0x000000000801121c        0x2 .build/obj_testamatta_keyboard_ex011_blackpill_default/quantum/action_layer.o
                0x000000000801121c                layer_debug
 .text.update_source_layers_cache_impl
                0x000000000801121e       0x34 .build/obj_testamatta_keyboard_ex011_blackpill_default/quantum/action_layer.o
                0x000000000801121e                update_source_layers_cache_impl
 .text.read_source_layers_cache_impl
                0x0000000008011252       0x28 .build/obj_testamatta_keyboard_ex011_blackpill_default/quantum/action_layer.o
                0x0000000008011252                read_source_layers_cache_impl
 *fill*         0x000000000801127a        0x2 
 .text.update_source_layers_cache
                0x000000000801127c       0x38 .build/obj_testamatta_keyboard_ex011_blackpill_default/quantum/action_layer.o
                0x000000000801127c                update_source_layers_cache
 .text.read_source_layers_cache
                0x00000000080112b4       0x30 .build/obj_testamatta_keyboard_ex011_blackpill_default/quantum/action_layer.o
                0x00000000080112b4                read_source_layers_cache
 .text.layer_switch_get_layer
                0x00000000080112e4       0x40 .build/obj_testamatta_keyboard_ex011_blackpill_default/quantum/action_layer.o
                0x00000000080112e4                layer_switch_get_layer
 .text.layer_switch_get_action
                0x0000000008011324       0x18 .build/obj_testamatta_keyboard_ex011_blackpill_default/quantum/action_layer.o
                0x0000000008011324                layer_switch_get_action
 .text.store_or_get_action
                0x000000000801133c       0x48 .build/obj_testamatta_keyboard_ex011_blackpill_default/quantum/action_layer.o
                0x000000000801133c                store_or_get_action
 .text.debug_waiting_buffer
                0x0000000008011384       0x40 .build/obj_testamatta_keyboard_ex011_blackpill_default/quantum/action_tapping.o
 .text.debug_tapping_key
                0x00000000080113c4       0x20 .build/obj_testamatta_keyboard_ex011_blackpill_default/quantum/action_tapping.o
 .text.waiting_buffer_scan_tap
                0x00000000080113e4       0x9c .build/obj_testamatta_keyboard_ex011_blackpill_default/quantum/action_tapping.o
 .text.process_tapping
                0x0000000008011480      0x33c .build/obj_testamatta_keyboard_ex011_blackpill_default/quantum/action_tapping.o
 .text.action_tapping_process
                0x00000000080117bc       0xdc .build/obj_testamatta_keyboard_ex011_blackpill_default/quantum/action_tapping.o
                0x00000000080117bc                action_tapping_process
 .text.add_key  0x0000000008011898       0x10 .build/obj_testamatta_keyboard_ex011_blackpill_default/quantum/action_util.o
                0x0000000008011898                add_key
 .text.del_key  0x00000000080118a8       0x10 .build/obj_testamatta_keyboard_ex011_blackpill_default/quantum/action_util.o
                0x00000000080118a8                del_key
 .text.clear_keys
                0x00000000080118b8        0xc .build/obj_testamatta_keyboard_ex011_blackpill_default/quantum/action_util.o
                0x00000000080118b8                clear_keys
 .text.get_oneshot_layer
                0x00000000080118c4       0x10 .build/obj_testamatta_keyboard_ex011_blackpill_default/quantum/action_util.o
                0x00000000080118c4                get_oneshot_layer
 .text.get_oneshot_layer_state
                0x00000000080118d4       0x10 .build/obj_testamatta_keyboard_ex011_blackpill_default/quantum/action_util.o
                0x00000000080118d4                get_oneshot_layer_state
 .text.is_oneshot_layer_active
                0x00000000080118e4       0x14 .build/obj_testamatta_keyboard_ex011_blackpill_default/quantum/action_util.o
                0x00000000080118e4                is_oneshot_layer_active
 .text.get_mods
                0x00000000080118f8        0xc .build/obj_testamatta_keyboard_ex011_blackpill_default/quantum/action_util.o
                0x00000000080118f8                get_mods
 .text.add_mods
                0x0000000008011904       0x10 .build/obj_testamatta_keyboard_ex011_blackpill_default/quantum/action_util.o
                0x0000000008011904                add_mods
 .text.del_mods
                0x0000000008011914       0x10 .build/obj_testamatta_keyboard_ex011_blackpill_default/quantum/action_util.o
                0x0000000008011914                del_mods
 .text.clear_mods
                0x0000000008011924        0xc .build/obj_testamatta_keyboard_ex011_blackpill_default/quantum/action_util.o
                0x0000000008011924                clear_mods
 .text.add_weak_mods
                0x0000000008011930       0x10 .build/obj_testamatta_keyboard_ex011_blackpill_default/quantum/action_util.o
                0x0000000008011930                add_weak_mods
 .text.del_weak_mods
                0x0000000008011940       0x10 .build/obj_testamatta_keyboard_ex011_blackpill_default/quantum/action_util.o
                0x0000000008011940                del_weak_mods
 .text.clear_weak_mods
                0x0000000008011950        0xc .build/obj_testamatta_keyboard_ex011_blackpill_default/quantum/action_util.o
                0x0000000008011950                clear_weak_mods
 .text.get_oneshot_mods
                0x000000000801195c        0xc .build/obj_testamatta_keyboard_ex011_blackpill_default/quantum/action_util.o
                0x000000000801195c                get_oneshot_mods
 .text.oneshot_mods_changed_user
                0x0000000008011968        0x2 .build/obj_testamatta_keyboard_ex011_blackpill_default/quantum/action_util.o
                0x0000000008011968                oneshot_mods_changed_user
 .text.oneshot_mods_changed_kb
                0x000000000801196a        0x8 .build/obj_testamatta_keyboard_ex011_blackpill_default/quantum/action_util.o
                0x000000000801196a                oneshot_mods_changed_kb
 *fill*         0x0000000008011972        0x2 
 .text.set_oneshot_mods
                0x0000000008011974       0x24 .build/obj_testamatta_keyboard_ex011_blackpill_default/quantum/action_util.o
                0x0000000008011974                set_oneshot_mods
 .text.clear_oneshot_mods
                0x0000000008011998       0x18 .build/obj_testamatta_keyboard_ex011_blackpill_default/quantum/action_util.o
                0x0000000008011998                clear_oneshot_mods
 .text.send_keyboard_report
                0x00000000080119b0       0x60 .build/obj_testamatta_keyboard_ex011_blackpill_default/quantum/action_util.o
                0x00000000080119b0                send_keyboard_report
 .text.oneshot_layer_changed_user
                0x0000000008011a10        0x2 .build/obj_testamatta_keyboard_ex011_blackpill_default/quantum/action_util.o
                0x0000000008011a10                oneshot_layer_changed_user
 .text.oneshot_layer_changed_kb
                0x0000000008011a12        0x8 .build/obj_testamatta_keyboard_ex011_blackpill_default/quantum/action_util.o
                0x0000000008011a12                oneshot_layer_changed_kb
 *fill*         0x0000000008011a1a        0x2 
 .text.set_oneshot_layer
                0x0000000008011a1c       0x34 .build/obj_testamatta_keyboard_ex011_blackpill_default/quantum/action_util.o
                0x0000000008011a1c                set_oneshot_layer
 .text.reset_oneshot_layer
                0x0000000008011a50       0x14 .build/obj_testamatta_keyboard_ex011_blackpill_default/quantum/action_util.o
                0x0000000008011a50                reset_oneshot_layer
 .text.clear_oneshot_layer_state
                0x0000000008011a64       0x3c .build/obj_testamatta_keyboard_ex011_blackpill_default/quantum/action_util.o
                0x0000000008011a64                clear_oneshot_layer_state
 .text.oneshot_set
                0x0000000008011aa0       0x2c .build/obj_testamatta_keyboard_ex011_blackpill_default/quantum/action_util.o
                0x0000000008011aa0                oneshot_set
 .text.oneshot_toggle
                0x0000000008011acc       0x18 .build/obj_testamatta_keyboard_ex011_blackpill_default/quantum/action_util.o
                0x0000000008011acc                oneshot_toggle
 .text.oneshot_enable
                0x0000000008011ae4        0x6 .build/obj_testamatta_keyboard_ex011_blackpill_default/quantum/action_util.o
                0x0000000008011ae4                oneshot_enable
 .text.oneshot_disable
                0x0000000008011aea        0x6 .build/obj_testamatta_keyboard_ex011_blackpill_default/quantum/action_util.o
                0x0000000008011aea                oneshot_disable
 .text.eeconfig_disable
                0x0000000008011af0       0x14 .build/obj_testamatta_keyboard_ex011_blackpill_default/quantum/eeconfig.o
                0x0000000008011af0                eeconfig_disable
 .text.eeconfig_is_enabled
                0x0000000008011b04       0x1c .build/obj_testamatta_keyboard_ex011_blackpill_default/quantum/eeconfig.o
                0x0000000008011b04                eeconfig_is_enabled
 .text.eeconfig_read_debug
                0x0000000008011b20        0x6 .build/obj_testamatta_keyboard_ex011_blackpill_default/quantum/eeconfig.o
                0x0000000008011b20                eeconfig_read_debug
 .text.eeconfig_read_default_layer
                0x0000000008011b26        0x6 .build/obj_testamatta_keyboard_ex011_blackpill_default/quantum/eeconfig.o
                0x0000000008011b26                eeconfig_read_default_layer
 .text.eeconfig_read_keymap
                0x0000000008011b2c       0x18 .build/obj_testamatta_keyboard_ex011_blackpill_default/quantum/eeconfig.o
                0x0000000008011b2c                eeconfig_read_keymap
 .text.eeconfig_update_keymap
                0x0000000008011b44       0x18 .build/obj_testamatta_keyboard_ex011_blackpill_default/quantum/eeconfig.o
                0x0000000008011b44                eeconfig_update_keymap
 .text.eeconfig_update_kb
                0x0000000008011b5c        0x8 .build/obj_testamatta_keyboard_ex011_blackpill_default/quantum/eeconfig.o
                0x0000000008011b5c                eeconfig_update_kb
 .text.eeconfig_update_user
                0x0000000008011b64        0x8 .build/obj_testamatta_keyboard_ex011_blackpill_default/quantum/eeconfig.o
                0x0000000008011b64                eeconfig_update_user
 .text.eeconfig_init_user
                0x0000000008011b6c        0x6 .build/obj_testamatta_keyboard_ex011_blackpill_default/quantum/eeconfig.o
                0x0000000008011b6c                eeconfig_init_user
 .text.eeconfig_init_kb
                0x0000000008011b72        0xe .build/obj_testamatta_keyboard_ex011_blackpill_default/quantum/eeconfig.o
                0x0000000008011b72                eeconfig_init_kb
 .text.eeconfig_init_quantum
                0x0000000008011b80       0x9c .build/obj_testamatta_keyboard_ex011_blackpill_default/quantum/eeconfig.o
                0x0000000008011b80                eeconfig_init_quantum
 .text.eeconfig_init
                0x0000000008011c1c        0x4 .build/obj_testamatta_keyboard_ex011_blackpill_default/quantum/eeconfig.o
                0x0000000008011c1c                eeconfig_init
 .text.eeconfig_update_handedness
                0x0000000008011c20        0x8 .build/obj_testamatta_keyboard_ex011_blackpill_default/quantum/eeconfig.o
                0x0000000008011c20                eeconfig_update_handedness
 .text.last_matrix_activity_trigger
                0x0000000008011c28       0x18 .build/obj_testamatta_keyboard_ex011_blackpill_default/quantum/keyboard.o
                0x0000000008011c28                last_matrix_activity_trigger
 .text.last_encoder_activity_trigger
                0x0000000008011c40       0x18 .build/obj_testamatta_keyboard_ex011_blackpill_default/quantum/keyboard.o
                0x0000000008011c40                last_encoder_activity_trigger
 .text.matrix_setup
                0x0000000008011c58        0x2 .build/obj_testamatta_keyboard_ex011_blackpill_default/quantum/keyboard.o
                0x0000000008011c58                matrix_setup
 .text.keyboard_pre_init_user
                0x0000000008011c5a        0x2 .build/obj_testamatta_keyboard_ex011_blackpill_default/quantum/keyboard.o
                0x0000000008011c5a                keyboard_pre_init_user
 .text.keyboard_pre_init_kb
                0x0000000008011c5c        0x8 .build/obj_testamatta_keyboard_ex011_blackpill_default/quantum/keyboard.o
                0x0000000008011c5c                keyboard_pre_init_kb
 .text.keyboard_post_init_user
                0x0000000008011c64        0x2 .build/obj_testamatta_keyboard_ex011_blackpill_default/quantum/keyboard.o
                0x0000000008011c64                keyboard_post_init_user
 .text.keyboard_post_init_kb
                0x0000000008011c66        0x8 .build/obj_testamatta_keyboard_ex011_blackpill_default/quantum/keyboard.o
                0x0000000008011c66                keyboard_post_init_kb
 *fill*         0x0000000008011c6e        0x2 
 .text.keyboard_setup
                0x0000000008011c70       0x1c .build/obj_testamatta_keyboard_ex011_blackpill_default/quantum/keyboard.o
                0x0000000008011c70                keyboard_setup
 .text.is_keyboard_master
                0x0000000008011c8c        0x4 .build/obj_testamatta_keyboard_ex011_blackpill_default/quantum/keyboard.o
                0x0000000008011c8c                is_keyboard_master
 .text.should_process_keypress
                0x0000000008011c90        0x8 .build/obj_testamatta_keyboard_ex011_blackpill_default/quantum/keyboard.o
                0x0000000008011c90                should_process_keypress
 .text.housekeeping_task_kb
                0x0000000008011c98        0x2 .build/obj_testamatta_keyboard_ex011_blackpill_default/quantum/keyboard.o
                0x0000000008011c98                housekeeping_task_kb
 .text.housekeeping_task_user
                0x0000000008011c9a        0x2 .build/obj_testamatta_keyboard_ex011_blackpill_default/quantum/keyboard.o
                0x0000000008011c9a                housekeeping_task_user
 .text.housekeeping_task
                0x0000000008011c9c        0xc .build/obj_testamatta_keyboard_ex011_blackpill_default/quantum/keyboard.o
                0x0000000008011c9c                housekeeping_task
 .text.quantum_init
                0x0000000008011ca8        0xe .build/obj_testamatta_keyboard_ex011_blackpill_default/quantum/keyboard.o
                0x0000000008011ca8                quantum_init
 .text.keyboard_init
                0x0000000008011cb6       0x1c .build/obj_testamatta_keyboard_ex011_blackpill_default/quantum/keyboard.o
                0x0000000008011cb6                keyboard_init
 *fill*         0x0000000008011cd2        0x2 
 .text.keyboard_task
                0x0000000008011cd4      0x10c .build/obj_testamatta_keyboard_ex011_blackpill_default/quantum/keyboard.o
                0x0000000008011cd4                keyboard_task
 .text.action_for_keycode
                0x0000000008011de0      0x160 .build/obj_testamatta_keyboard_ex011_blackpill_default/quantum/keymap_common.o
                0x0000000008011de0                action_for_keycode
 .text.action_for_key
                0x0000000008011f40       0x16 .build/obj_testamatta_keyboard_ex011_blackpill_default/quantum/keymap_common.o
                0x0000000008011f40                action_for_key
 *fill*         0x0000000008011f56        0x2 
 .text.keycode_config
                0x0000000008011f58      0x10c .build/obj_testamatta_keyboard_ex011_blackpill_default/quantum/keycode_config.o
                0x0000000008011f58                keycode_config
 .text.mod_config
                0x0000000008012064       0xac .build/obj_testamatta_keyboard_ex011_blackpill_default/quantum/keycode_config.o
                0x0000000008012064                mod_config
 .text.sendchar
                0x0000000008012110        0x4 .build/obj_testamatta_keyboard_ex011_blackpill_default/quantum/logging/sendchar.o
                0x0000000008012110                sendchar
 .text.null_sendchar_func
                0x0000000008012114        0x4 .build/obj_testamatta_keyboard_ex011_blackpill_default/quantum/logging/print.o
 .text.print_set_sendchar
                0x0000000008012118        0xc .build/obj_testamatta_keyboard_ex011_blackpill_default/quantum/logging/print.o
                0x0000000008012118                print_set_sendchar
 .text.bootmagic_lite_reset_eeprom
                0x0000000008012124        0x4 .build/obj_testamatta_keyboard_ex011_blackpill_default/quantum/bootmagic/bootmagic_lite.o
                0x0000000008012124                bootmagic_lite_reset_eeprom
 .text.bootmagic_lite
                0x0000000008012128       0x2a .build/obj_testamatta_keyboard_ex011_blackpill_default/quantum/bootmagic/bootmagic_lite.o
                0x0000000008012128                bootmagic_lite
 .text.bootmagic
                0x0000000008012152        0x8 .build/obj_testamatta_keyboard_ex011_blackpill_default/quantum/bootmagic/bootmagic_lite.o
                0x0000000008012152                bootmagic
 *fill*         0x000000000801215a        0x2 
 .text.magic    0x000000000801215c       0x40 .build/obj_testamatta_keyboard_ex011_blackpill_default/quantum/bootmagic/magic.o
                0x000000000801215c                magic
 .text.matrix_init_user
                0x000000000801219c        0x2 .build/obj_testamatta_keyboard_ex011_blackpill_default/quantum/matrix_common.o
                0x000000000801219c                matrix_init_user
 .text.matrix_init_kb
                0x000000000801219e        0x8 .build/obj_testamatta_keyboard_ex011_blackpill_default/quantum/matrix_common.o
                0x000000000801219e                matrix_init_kb
 .text.matrix_scan_user
                0x00000000080121a6        0x2 .build/obj_testamatta_keyboard_ex011_blackpill_default/quantum/matrix_common.o
                0x00000000080121a6                matrix_scan_user
 .text.matrix_scan_kb
                0x00000000080121a8        0x8 .build/obj_testamatta_keyboard_ex011_blackpill_default/quantum/matrix_common.o
                0x00000000080121a8                matrix_scan_kb
 .text.matrix_get_row
                0x00000000080121b0        0xc .build/obj_testamatta_keyboard_ex011_blackpill_default/quantum/matrix_common.o
                0x00000000080121b0                matrix_get_row
 .text.matrix_print
                0x00000000080121bc        0x2 .build/obj_testamatta_keyboard_ex011_blackpill_default/quantum/matrix_common.o
                0x00000000080121bc                matrix_print
 *fill*         0x00000000080121be        0x2 
 .text.matrix_init
                0x00000000080121c0       0x34 .build/obj_testamatta_keyboard_ex011_blackpill_default/quantum/matrix_common.o
                0x00000000080121c0                matrix_init
 .text.matrix_scan
                0x00000000080121f4       0x2c .build/obj_testamatta_keyboard_ex011_blackpill_default/quantum/matrix_common.o
                0x00000000080121f4                matrix_scan
 .text.debounce_init
                0x0000000008012220        0x2 .build/obj_testamatta_keyboard_ex011_blackpill_default/quantum/debounce/sym_defer_g.o
                0x0000000008012220                debounce_init
 .text.debounce
                0x0000000008012222       0x20 .build/obj_testamatta_keyboard_ex011_blackpill_default/quantum/debounce/sym_defer_g.o
                0x0000000008012222                debounce
 .text.protocol_init
                0x0000000008012242       0x12 .build/obj_testamatta_keyboard_ex011_blackpill_default/quantum/main.o
                0x0000000008012242                protocol_init
 .text.protocol_task
                0x0000000008012254       0x12 .build/obj_testamatta_keyboard_ex011_blackpill_default/quantum/main.o
                0x0000000008012254                protocol_task
 .text.startup.main
                0x0000000008012266       0x1c .build/obj_testamatta_keyboard_ex011_blackpill_default/quantum/main.o
                0x0000000008012266                main
 *fill*         0x0000000008012282        0x2 
 .text.move_unit
                0x0000000008012284       0x6c .build/obj_testamatta_keyboard_ex011_blackpill_default/quantum/mousekey.o
 .text.wheel_unit
                0x00000000080122f0       0x68 .build/obj_testamatta_keyboard_ex011_blackpill_default/quantum/mousekey.o
 .text.mousekey_on
                0x0000000008012358       0xbc .build/obj_testamatta_keyboard_ex011_blackpill_default/quantum/mousekey.o
                0x0000000008012358                mousekey_on
 .text.mousekey_off
                0x0000000008012414       0xec .build/obj_testamatta_keyboard_ex011_blackpill_default/quantum/mousekey.o
                0x0000000008012414                mousekey_off
 .text.mousekey_send
                0x0000000008012500       0x38 .build/obj_testamatta_keyboard_ex011_blackpill_default/quantum/mousekey.o
                0x0000000008012500                mousekey_send
 .text.mousekey_clear
                0x0000000008012538       0x2c .build/obj_testamatta_keyboard_ex011_blackpill_default/quantum/mousekey.o
                0x0000000008012538                mousekey_clear
 .text.should_mousekey_report_send
                0x0000000008012564       0x22 .build/obj_testamatta_keyboard_ex011_blackpill_default/quantum/mousekey.o
                0x0000000008012564                should_mousekey_report_send
 *fill*         0x0000000008012586        0x2 
 .text.mousekey_task
                0x0000000008012588      0x184 .build/obj_testamatta_keyboard_ex011_blackpill_default/quantum/mousekey.o
                0x0000000008012588                mousekey_task
 .text.eeprom_read_byte
                0x000000000801270c       0x1e .build/obj_testamatta_keyboard_ex011_blackpill_default/eeprom_driver.o
                0x000000000801270c                eeprom_read_byte
 .text.eeprom_read_word
                0x000000000801272a       0x1e .build/obj_testamatta_keyboard_ex011_blackpill_default/eeprom_driver.o
                0x000000000801272a                eeprom_read_word
 .text.eeprom_read_dword
                0x0000000008012748       0x1a .build/obj_testamatta_keyboard_ex011_blackpill_default/eeprom_driver.o
                0x0000000008012748                eeprom_read_dword
 .text.eeprom_write_byte
                0x0000000008012762       0x18 .build/obj_testamatta_keyboard_ex011_blackpill_default/eeprom_driver.o
                0x0000000008012762                eeprom_write_byte
 .text.eeprom_write_word
                0x000000000801277a       0x18 .build/obj_testamatta_keyboard_ex011_blackpill_default/eeprom_driver.o
                0x000000000801277a                eeprom_write_word
 .text.eeprom_write_dword
                0x0000000008012792       0x16 .build/obj_testamatta_keyboard_ex011_blackpill_default/eeprom_driver.o
                0x0000000008012792                eeprom_write_dword
 .text.eeprom_update_byte
                0x00000000080127a8       0x1c .build/obj_testamatta_keyboard_ex011_blackpill_default/eeprom_driver.o
                0x00000000080127a8                eeprom_update_byte
 .text.eeprom_update_word
                0x00000000080127c4       0x1c .build/obj_testamatta_keyboard_ex011_blackpill_default/eeprom_driver.o
                0x00000000080127c4                eeprom_update_word
 .text.eeprom_update_dword
                0x00000000080127e0       0x1c .build/obj_testamatta_keyboard_ex011_blackpill_default/eeprom_driver.o
                0x00000000080127e0                eeprom_update_dword
 .text.eeprom_driver_init
                0x00000000080127fc        0x4 .build/obj_testamatta_keyboard_ex011_blackpill_default/eeprom_wear_leveling.o
                0x00000000080127fc                eeprom_driver_init
 .text.eeprom_driver_erase
                0x0000000008012800        0x4 .build/obj_testamatta_keyboard_ex011_blackpill_default/eeprom_wear_leveling.o
                0x0000000008012800                eeprom_driver_erase
 .text.eeprom_read_block
                0x0000000008012804        0xa .build/obj_testamatta_keyboard_ex011_blackpill_default/eeprom_wear_leveling.o
                0x0000000008012804                eeprom_read_block
 .text.eeprom_write_block
                0x000000000801280e        0xa .build/obj_testamatta_keyboard_ex011_blackpill_default/eeprom_wear_leveling.o
                0x000000000801280e                eeprom_write_block
 .text.wear_leveling_clear_cache
                0x0000000008012818       0x20 .build/obj_testamatta_keyboard_ex011_blackpill_default/wear_leveling.o
 .text.wear_leveling_unlock
                0x0000000008012838       0x20 .build/obj_testamatta_keyboard_ex011_blackpill_default/wear_leveling.o
 .text.wear_leveling_lock
                0x0000000008012858       0x24 .build/obj_testamatta_keyboard_ex011_blackpill_default/wear_leveling.o
 .text.wear_leveling_erase
                0x000000000801287c       0x32 .build/obj_testamatta_keyboard_ex011_blackpill_default/wear_leveling.o
                0x000000000801287c                wear_leveling_erase
 *fill*         0x00000000080128ae        0x2 
 .text.wear_leveling_read
                0x00000000080128b0       0x24 .build/obj_testamatta_keyboard_ex011_blackpill_default/wear_leveling.o
                0x00000000080128b0                wear_leveling_read
 .text.backing_store_read_bulk
                0x00000000080128d4       0x26 .build/obj_testamatta_keyboard_ex011_blackpill_default/wear_leveling.o
                0x00000000080128d4                backing_store_read_bulk
 .text.backing_store_write_bulk
                0x00000000080128fa       0x26 .build/obj_testamatta_keyboard_ex011_blackpill_default/wear_leveling.o
                0x00000000080128fa                backing_store_write_bulk
 .text.wear_leveling_consolidate_force
                0x0000000008012920       0x74 .build/obj_testamatta_keyboard_ex011_blackpill_default/wear_leveling.o
 .text.wear_leveling_consolidate_if_needed
                0x0000000008012994       0x18 .build/obj_testamatta_keyboard_ex011_blackpill_default/wear_leveling.o
 .text.wear_leveling_append_raw
                0x00000000080129ac       0x28 .build/obj_testamatta_keyboard_ex011_blackpill_default/wear_leveling.o
 .text.wear_leveling_write
                0x00000000080129d4      0x170 .build/obj_testamatta_keyboard_ex011_blackpill_default/wear_leveling.o
                0x00000000080129d4                wear_leveling_write
 *fill*         0x0000000008012b44        0x4 
 .text.wear_leveling_init
                0x0000000008012b48      0x17c .build/obj_testamatta_keyboard_ex011_blackpill_default/wear_leveling.o
                0x0000000008012b48                wear_leveling_init
 .text.FLASH_GetStatus
                0x0000000008012cc4       0x2c .build/obj_testamatta_keyboard_ex011_blackpill_default/flash_stm32.o
                0x0000000008012cc4                FLASH_GetStatus
 .text.FLASH_WaitForLastOperation
                0x0000000008012cf0       0x38 .build/obj_testamatta_keyboard_ex011_blackpill_default/flash_stm32.o
                0x0000000008012cf0                FLASH_WaitForLastOperation
 .text.FLASH_ErasePage
                0x0000000008012d28       0x90 .build/obj_testamatta_keyboard_ex011_blackpill_default/flash_stm32.o
                0x0000000008012d28                FLASH_ErasePage
 .text.FLASH_ProgramHalfWord
                0x0000000008012db8       0x5c .build/obj_testamatta_keyboard_ex011_blackpill_default/flash_stm32.o
                0x0000000008012db8                FLASH_ProgramHalfWord
 .text.FLASH_Unlock
                0x0000000008012e14       0x1c .build/obj_testamatta_keyboard_ex011_blackpill_default/flash_stm32.o
                0x0000000008012e14                FLASH_Unlock
 .text.FLASH_Lock
                0x0000000008012e30       0x10 .build/obj_testamatta_keyboard_ex011_blackpill_default/flash_stm32.o
                0x0000000008012e30                FLASH_Lock
 .text.backing_store_init
                0x0000000008012e40        0x4 .build/obj_testamatta_keyboard_ex011_blackpill_default/wear_leveling_legacy.o
                0x0000000008012e40                backing_store_init
 .text.backing_store_unlock
                0x0000000008012e44        0xa .build/obj_testamatta_keyboard_ex011_blackpill_default/wear_leveling_legacy.o
                0x0000000008012e44                backing_store_unlock
 *fill*         0x0000000008012e4e        0x2 
 .text.backing_store_erase
                0x0000000008012e50       0x14 .build/obj_testamatta_keyboard_ex011_blackpill_default/wear_leveling_legacy.o
                0x0000000008012e50                backing_store_erase
 .text.backing_store_write
                0x0000000008012e64       0x1a .build/obj_testamatta_keyboard_ex011_blackpill_default/wear_leveling_legacy.o
                0x0000000008012e64                backing_store_write
 .text.backing_store_lock
                0x0000000008012e7e        0xa .build/obj_testamatta_keyboard_ex011_blackpill_default/wear_leveling_legacy.o
                0x0000000008012e7e                backing_store_lock
 .text.backing_store_read
                0x0000000008012e88       0x12 .build/obj_testamatta_keyboard_ex011_blackpill_default/wear_leveling_legacy.o
                0x0000000008012e88                backing_store_read
 .text.via_eeprom_is_valid
                0x0000000008012e9a       0x28 .build/obj_testamatta_keyboard_ex011_blackpill_default/quantum/via.o
                0x0000000008012e9a                via_eeprom_is_valid
 .text.via_eeprom_set_valid
                0x0000000008012ec2       0x32 .build/obj_testamatta_keyboard_ex011_blackpill_default/quantum/via.o
                0x0000000008012ec2                via_eeprom_set_valid
 .text.via_init_kb
                0x0000000008012ef4        0x2 .build/obj_testamatta_keyboard_ex011_blackpill_default/quantum/via.o
                0x0000000008012ef4                via_init_kb
 .text.via_get_layout_options
                0x0000000008012ef6        0xa .build/obj_testamatta_keyboard_ex011_blackpill_default/quantum/via.o
                0x0000000008012ef6                via_get_layout_options
 .text.via_set_layout_options_kb
                0x0000000008012f00        0x2 .build/obj_testamatta_keyboard_ex011_blackpill_default/quantum/via.o
                0x0000000008012f00                via_set_layout_options_kb
 .text.via_set_layout_options
                0x0000000008012f02       0x14 .build/obj_testamatta_keyboard_ex011_blackpill_default/quantum/via.o
                0x0000000008012f02                via_set_layout_options
 .text.eeconfig_init_via
                0x0000000008012f16       0x20 .build/obj_testamatta_keyboard_ex011_blackpill_default/quantum/via.o
                0x0000000008012f16                eeconfig_init_via
 .text.via_init
                0x0000000008012f36       0x1e .build/obj_testamatta_keyboard_ex011_blackpill_default/quantum/via.o
                0x0000000008012f36                via_init
 .text.process_record_via
                0x0000000008012f54       0x6e .build/obj_testamatta_keyboard_ex011_blackpill_default/quantum/via.o
                0x0000000008012f54                process_record_via
 .text.raw_hid_receive_kb
                0x0000000008012fc2        0x6 .build/obj_testamatta_keyboard_ex011_blackpill_default/quantum/via.o
                0x0000000008012fc2                raw_hid_receive_kb
 .text.raw_hid_receive
                0x0000000008012fc8      0x14c .build/obj_testamatta_keyboard_ex011_blackpill_default/quantum/via.o
                0x0000000008012fc8                raw_hid_receive
 .text.fnv_64a_buf
                0x0000000008013114       0x76 .build/obj_testamatta_keyboard_ex011_blackpill_default/hash_64a.o
                0x0000000008013114                fnv_64a_buf
 *fill*         0x000000000801318a        0x2 
 .text.process_magic
                0x000000000801318c      0x264 .build/obj_testamatta_keyboard_ex011_blackpill_default/quantum/process_keycode/process_magic.o
                0x000000000801318c                process_magic
 .text.send_char
                0x00000000080133f0       0x70 .build/obj_testamatta_keyboard_ex011_blackpill_default/quantum/send_string/send_string.o
                0x00000000080133f0                send_char
 .text.send_string_with_delay
                0x0000000008013460       0x98 .build/obj_testamatta_keyboard_ex011_blackpill_default/quantum/send_string/send_string.o
                0x0000000008013460                send_string_with_delay
 .text.encoder_wait_pullup_charge
                0x00000000080134f8        0x8 .build/obj_testamatta_keyboard_ex011_blackpill_default/quantum/encoder.o
                0x00000000080134f8                encoder_wait_pullup_charge
 .text.encoder_update_kb
                0x0000000008013500        0x8 .build/obj_testamatta_keyboard_ex011_blackpill_default/quantum/encoder.o
                0x0000000008013500                encoder_update_kb
 .text.encoder_init
                0x0000000008013508       0xac .build/obj_testamatta_keyboard_ex011_blackpill_default/quantum/encoder.o
                0x0000000008013508                encoder_init
 .text.encoder_read
                0x00000000080135b4       0xd8 .build/obj_testamatta_keyboard_ex011_blackpill_default/quantum/encoder.o
                0x00000000080135b4                encoder_read
 .text.dynamic_keymap_get_layer_count
                0x000000000801368c        0x4 .build/obj_testamatta_keyboard_ex011_blackpill_default/quantum/dynamic_keymap.o
                0x000000000801368c                dynamic_keymap_get_layer_count
 .text.dynamic_keymap_key_to_eeprom_address
                0x0000000008013690       0x12 .build/obj_testamatta_keyboard_ex011_blackpill_default/quantum/dynamic_keymap.o
                0x0000000008013690                dynamic_keymap_key_to_eeprom_address
 .text.dynamic_keymap_get_keycode
                0x00000000080136a2       0x2c .build/obj_testamatta_keyboard_ex011_blackpill_default/quantum/dynamic_keymap.o
                0x00000000080136a2                dynamic_keymap_get_keycode
 .text.dynamic_keymap_set_keycode
                0x00000000080136ce       0x2a .build/obj_testamatta_keyboard_ex011_blackpill_default/quantum/dynamic_keymap.o
                0x00000000080136ce                dynamic_keymap_set_keycode
 .text.dynamic_keymap_reset
                0x00000000080136f8       0x58 .build/obj_testamatta_keyboard_ex011_blackpill_default/quantum/dynamic_keymap.o
                0x00000000080136f8                dynamic_keymap_reset
 .text.dynamic_keymap_get_buffer
                0x0000000008013750       0x2c .build/obj_testamatta_keyboard_ex011_blackpill_default/quantum/dynamic_keymap.o
                0x0000000008013750                dynamic_keymap_get_buffer
 .text.dynamic_keymap_set_buffer
                0x000000000801377c       0x26 .build/obj_testamatta_keyboard_ex011_blackpill_default/quantum/dynamic_keymap.o
                0x000000000801377c                dynamic_keymap_set_buffer
 .text.keymap_key_to_keycode
                0x00000000080137a2       0x26 .build/obj_testamatta_keyboard_ex011_blackpill_default/quantum/dynamic_keymap.o
                0x00000000080137a2                keymap_key_to_keycode
 .text.dynamic_keymap_macro_get_count
                0x00000000080137c8        0x4 .build/obj_testamatta_keyboard_ex011_blackpill_default/quantum/dynamic_keymap.o
                0x00000000080137c8                dynamic_keymap_macro_get_count
 .text.dynamic_keymap_macro_get_buffer_size
                0x00000000080137cc        0x6 .build/obj_testamatta_keyboard_ex011_blackpill_default/quantum/dynamic_keymap.o
                0x00000000080137cc                dynamic_keymap_macro_get_buffer_size
 .text.dynamic_keymap_macro_get_buffer
                0x00000000080137d2       0x2e .build/obj_testamatta_keyboard_ex011_blackpill_default/quantum/dynamic_keymap.o
                0x00000000080137d2                dynamic_keymap_macro_get_buffer
 .text.dynamic_keymap_macro_set_buffer
                0x0000000008013800       0x28 .build/obj_testamatta_keyboard_ex011_blackpill_default/quantum/dynamic_keymap.o
                0x0000000008013800                dynamic_keymap_macro_set_buffer
 .text.dynamic_keymap_macro_reset
                0x0000000008013828       0x16 .build/obj_testamatta_keyboard_ex011_blackpill_default/quantum/dynamic_keymap.o
                0x0000000008013828                dynamic_keymap_macro_reset
 .text.dynamic_keymap_macro_send
                0x000000000801383e       0x6e .build/obj_testamatta_keyboard_ex011_blackpill_default/quantum/dynamic_keymap.o
                0x000000000801383e                dynamic_keymap_macro_send
 .text.process_grave_esc
                0x00000000080138ac       0x4c .build/obj_testamatta_keyboard_ex011_blackpill_default/quantum/process_keycode/process_grave_esc.o
                0x00000000080138ac                process_grave_esc
 .text.perform_space_cadet
                0x00000000080138f8       0xb8 .build/obj_testamatta_keyboard_ex011_blackpill_default/quantum/process_keycode/process_space_cadet.o
                0x00000000080138f8                perform_space_cadet
 .text.process_space_cadet
                0x00000000080139b0       0xb4 .build/obj_testamatta_keyboard_ex011_blackpill_default/quantum/process_keycode/process_space_cadet.o
                0x00000000080139b0                process_space_cadet
 .text.host_set_driver
                0x0000000008013a64        0xc .build/obj_testamatta_keyboard_ex011_blackpill_default/protocol/host.o
                0x0000000008013a64                host_set_driver
 .text.host_keyboard_leds
                0x0000000008013a70       0x10 .build/obj_testamatta_keyboard_ex011_blackpill_default/protocol/host.o
                0x0000000008013a70                host_keyboard_leds
 .text.host_keyboard_send
                0x0000000008013a80       0x10 .build/obj_testamatta_keyboard_ex011_blackpill_default/protocol/host.o
                0x0000000008013a80                host_keyboard_send
 .text.host_mouse_send
                0x0000000008013a90       0x14 .build/obj_testamatta_keyboard_ex011_blackpill_default/protocol/host.o
                0x0000000008013a90                host_mouse_send
 .text.host_system_send
                0x0000000008013aa4       0x20 .build/obj_testamatta_keyboard_ex011_blackpill_default/protocol/host.o
                0x0000000008013aa4                host_system_send
 .text.host_consumer_send
                0x0000000008013ac4       0x20 .build/obj_testamatta_keyboard_ex011_blackpill_default/protocol/host.o
                0x0000000008013ac4                host_consumer_send
 .text.has_anykey
                0x0000000008013ae4       0x1c .build/obj_testamatta_keyboard_ex011_blackpill_default/protocol/report.o
                0x0000000008013ae4                has_anykey
 .text.is_key_pressed
                0x0000000008013b00       0x1a .build/obj_testamatta_keyboard_ex011_blackpill_default/protocol/report.o
                0x0000000008013b00                is_key_pressed
 .text.add_key_byte
                0x0000000008013b1a       0x32 .build/obj_testamatta_keyboard_ex011_blackpill_default/protocol/report.o
                0x0000000008013b1a                add_key_byte
 .text.del_key_byte
                0x0000000008013b4c       0x1a .build/obj_testamatta_keyboard_ex011_blackpill_default/protocol/report.o
                0x0000000008013b4c                del_key_byte
 .text.add_key_to_report
                0x0000000008013b66        0x4 .build/obj_testamatta_keyboard_ex011_blackpill_default/protocol/report.o
                0x0000000008013b66                add_key_to_report
 .text.del_key_from_report
                0x0000000008013b6a        0x4 .build/obj_testamatta_keyboard_ex011_blackpill_default/protocol/report.o
                0x0000000008013b6a                del_key_from_report
 .text.clear_keys_from_report
                0x0000000008013b6e        0xa .build/obj_testamatta_keyboard_ex011_blackpill_default/protocol/report.o
                0x0000000008013b6e                clear_keys_from_report
 .text.has_mouse_report_changed
                0x0000000008013b78       0x10 .build/obj_testamatta_keyboard_ex011_blackpill_default/protocol/report.o
                0x0000000008013b78                has_mouse_report_changed
 .text.notify_usb_device_state_change_user
                0x0000000008013b88        0x2 .build/obj_testamatta_keyboard_ex011_blackpill_default/protocol/usb_device_state.o
                0x0000000008013b88                notify_usb_device_state_change_user
 .text.notify_usb_device_state_change_kb
                0x0000000008013b8a        0x8 .build/obj_testamatta_keyboard_ex011_blackpill_default/protocol/usb_device_state.o
                0x0000000008013b8a                notify_usb_device_state_change_kb
 *fill*         0x0000000008013b92        0x2 
 .text.usb_device_state_set_configuration
                0x0000000008013b94       0x18 .build/obj_testamatta_keyboard_ex011_blackpill_default/protocol/usb_device_state.o
                0x0000000008013b94                usb_device_state_set_configuration
 .text.usb_device_state_set_suspend
                0x0000000008013bac       0x14 .build/obj_testamatta_keyboard_ex011_blackpill_default/protocol/usb_device_state.o
                0x0000000008013bac                usb_device_state_set_suspend
 .text.usb_device_state_set_resume
                0x0000000008013bc0        0x4 .build/obj_testamatta_keyboard_ex011_blackpill_default/protocol/usb_device_state.o
                0x0000000008013bc0                usb_device_state_set_resume
 .text.usb_device_state_set_reset
                0x0000000008013bc4       0x14 .build/obj_testamatta_keyboard_ex011_blackpill_default/protocol/usb_device_state.o
                0x0000000008013bc4                usb_device_state_set_reset
 .text.usb_device_state_init
                0x0000000008013bd8        0x4 .build/obj_testamatta_keyboard_ex011_blackpill_default/protocol/usb_device_state.o
                0x0000000008013bd8                usb_device_state_init
 .text.matrix_power_up
                0x0000000008013bdc        0x2 .build/obj_testamatta_keyboard_ex011_blackpill_default/platforms/suspend.o
                0x0000000008013bdc                matrix_power_up
 .text.matrix_power_down
                0x0000000008013bde        0x2 .build/obj_testamatta_keyboard_ex011_blackpill_default/platforms/suspend.o
                0x0000000008013bde                matrix_power_down
 .text.suspend_power_down_user
                0x0000000008013be0        0x2 .build/obj_testamatta_keyboard_ex011_blackpill_default/platforms/suspend.o
                0x0000000008013be0                suspend_power_down_user
 .text.suspend_power_down_kb
                0x0000000008013be2        0x8 .build/obj_testamatta_keyboard_ex011_blackpill_default/platforms/suspend.o
                0x0000000008013be2                suspend_power_down_kb
 .text.suspend_wakeup_init_user
                0x0000000008013bea        0x2 .build/obj_testamatta_keyboard_ex011_blackpill_default/platforms/suspend.o
                0x0000000008013bea                suspend_wakeup_init_user
 .text.suspend_wakeup_init_kb
                0x0000000008013bec        0x8 .build/obj_testamatta_keyboard_ex011_blackpill_default/platforms/suspend.o
                0x0000000008013bec                suspend_wakeup_init_kb
 .text.suspend_wakeup_condition
                0x0000000008013bf4       0x24 .build/obj_testamatta_keyboard_ex011_blackpill_default/platforms/suspend.o
                0x0000000008013bf4                suspend_wakeup_condition
 .text.platform_setup
                0x0000000008013c18        0xe .build/obj_testamatta_keyboard_ex011_blackpill_default/platforms/chibios/platform.o
                0x0000000008013c18                platform_setup
 .text.suspend_power_down
                0x0000000008013c26       0x12 .build/obj_testamatta_keyboard_ex011_blackpill_default/platforms/chibios/suspend.o
                0x0000000008013c26                suspend_power_down
 .text.suspend_wakeup_init
                0x0000000008013c38       0x26 .build/obj_testamatta_keyboard_ex011_blackpill_default/platforms/chibios/suspend.o
                0x0000000008013c38                suspend_wakeup_init
 *fill*         0x0000000008013c5e        0x2 
 .text.timer_clear
                0x0000000008013c60       0x2c .build/obj_testamatta_keyboard_ex011_blackpill_default/platforms/chibios/timer.o
                0x0000000008013c60                timer_clear
 .text.timer_init
                0x0000000008013c8c        0x4 .build/obj_testamatta_keyboard_ex011_blackpill_default/platforms/chibios/timer.o
                0x0000000008013c8c                timer_init
 .text.timer_read32
                0x0000000008013c90       0x6c .build/obj_testamatta_keyboard_ex011_blackpill_default/platforms/chibios/timer.o
                0x0000000008013c90                timer_read32
 .text.timer_read
                0x0000000008013cfc        0xa .build/obj_testamatta_keyboard_ex011_blackpill_default/platforms/chibios/timer.o
                0x0000000008013cfc                timer_read
 .text.timer_elapsed
                0x0000000008013d06        0xe .build/obj_testamatta_keyboard_ex011_blackpill_default/platforms/chibios/timer.o
                0x0000000008013d06                timer_elapsed
 .text.__NVIC_SystemReset
                0x0000000008013d14       0x24 .build/obj_testamatta_keyboard_ex011_blackpill_default/platforms/chibios/bootloaders/tinyuf2.o
 .text.mcu_reset
                0x0000000008013d38        0x6 .build/obj_testamatta_keyboard_ex011_blackpill_default/platforms/chibios/bootloaders/tinyuf2.o
                0x0000000008013d38                mcu_reset
 *fill*         0x0000000008013d3e        0x2 
 .text.bootloader_jump
                0x0000000008013d40       0x14 .build/obj_testamatta_keyboard_ex011_blackpill_default/platforms/chibios/bootloaders/tinyuf2.o
                0x0000000008013d40                bootloader_jump
 .text.enter_bootloader_mode_if_requested
                0x0000000008013d54        0x2 .build/obj_testamatta_keyboard_ex011_blackpill_default/platforms/chibios/bootloaders/tinyuf2.o
                0x0000000008013d54                enter_bootloader_mode_if_requested
 .text.kbd_in_cb
                0x0000000008013d56        0x2 .build/obj_testamatta_keyboard_ex011_blackpill_default/protocol/chibios/usb_main.o
                0x0000000008013d56                kbd_in_cb
 .text.usb_sof_cb
                0x0000000008013d58       0x1c .build/obj_testamatta_keyboard_ex011_blackpill_default/protocol/chibios/usb_main.o
 .text.usb_get_descriptor_cb
                0x0000000008013d74       0x2c .build/obj_testamatta_keyboard_ex011_blackpill_default/protocol/chibios/usb_main.o
 .text.set_led_transfer_cb
                0x0000000008013da0       0x2c .build/obj_testamatta_keyboard_ex011_blackpill_default/protocol/chibios/usb_main.o
 .text.send_extra
                0x0000000008013dcc       0x54 .build/obj_testamatta_keyboard_ex011_blackpill_default/protocol/chibios/usb_main.o
 .text.chVTSetI.constprop.0
                0x0000000008013e20       0x2c .build/obj_testamatta_keyboard_ex011_blackpill_default/protocol/chibios/usb_main.o
 .text.keyboard_idle_timer_cb
                0x0000000008013e4c       0x6c .build/obj_testamatta_keyboard_ex011_blackpill_default/protocol/chibios/usb_main.o
 .text.usb_request_hook_cb
                0x0000000008013eb8      0x174 .build/obj_testamatta_keyboard_ex011_blackpill_default/protocol/chibios/usb_main.o
 .text.usb_event_queue_enqueue.isra.0
                0x000000000801402c       0x28 .build/obj_testamatta_keyboard_ex011_blackpill_default/protocol/chibios/usb_main.o
 .text.usb_event_cb
                0x0000000008014054       0xb4 .build/obj_testamatta_keyboard_ex011_blackpill_default/protocol/chibios/usb_main.o
 .text.shared_in_cb
                0x0000000008014108        0x2 .build/obj_testamatta_keyboard_ex011_blackpill_default/protocol/chibios/usb_main.o
                0x0000000008014108                shared_in_cb
 *fill*         0x000000000801410a        0x2 
 .text.usb_event_queue_init
                0x000000000801410c       0x24 .build/obj_testamatta_keyboard_ex011_blackpill_default/protocol/chibios/usb_main.o
                0x000000000801410c                usb_event_queue_init
 .text.usb_event_queue_task
                0x0000000008014130       0xb8 .build/obj_testamatta_keyboard_ex011_blackpill_default/protocol/chibios/usb_main.o
                0x0000000008014130                usb_event_queue_task
 .text.init_usb_driver
                0x00000000080141e8       0x68 .build/obj_testamatta_keyboard_ex011_blackpill_default/protocol/chibios/usb_main.o
                0x00000000080141e8                init_usb_driver
 .text.restart_usb_driver
                0x0000000008014250       0x2c .build/obj_testamatta_keyboard_ex011_blackpill_default/protocol/chibios/usb_main.o
                0x0000000008014250                restart_usb_driver
 .text.keyboard_leds
                0x000000000801427c        0xc .build/obj_testamatta_keyboard_ex011_blackpill_default/protocol/chibios/usb_main.o
                0x000000000801427c                keyboard_leds
 .text.send_keyboard
                0x0000000008014288       0x54 .build/obj_testamatta_keyboard_ex011_blackpill_default/protocol/chibios/usb_main.o
                0x0000000008014288                send_keyboard
 .text.send_mouse
                0x00000000080142dc       0x4c .build/obj_testamatta_keyboard_ex011_blackpill_default/protocol/chibios/usb_main.o
                0x00000000080142dc                send_mouse
 .text.send_system
                0x0000000008014328        0x8 .build/obj_testamatta_keyboard_ex011_blackpill_default/protocol/chibios/usb_main.o
                0x0000000008014328                send_system
 .text.send_consumer
                0x0000000008014330        0x8 .build/obj_testamatta_keyboard_ex011_blackpill_default/protocol/chibios/usb_main.o
                0x0000000008014330                send_consumer
 .text.send_programmable_button
                0x0000000008014338        0x2 .build/obj_testamatta_keyboard_ex011_blackpill_default/protocol/chibios/usb_main.o
                0x0000000008014338                send_programmable_button
 *fill*         0x000000000801433a        0x2 
 .text.raw_hid_send
                0x000000000801433c       0x28 .build/obj_testamatta_keyboard_ex011_blackpill_default/protocol/chibios/usb_main.o
                0x000000000801433c                raw_hid_send
 .text.raw_hid_task
                0x0000000008014364       0x30 .build/obj_testamatta_keyboard_ex011_blackpill_default/protocol/chibios/usb_main.o
                0x0000000008014364                raw_hid_task
 .text.early_hardware_init_pre
                0x0000000008014394        0x4 .build/obj_testamatta_keyboard_ex011_blackpill_default/protocol/chibios/chibios.o
                0x0000000008014394                early_hardware_init_pre
 .text.early_hardware_init_post
                0x0000000008014398        0x2 .build/obj_testamatta_keyboard_ex011_blackpill_default/protocol/chibios/chibios.o
                0x0000000008014398                early_hardware_init_post
 .text.board_init
                0x000000000801439a        0x2 .build/obj_testamatta_keyboard_ex011_blackpill_default/protocol/chibios/chibios.o
                0x000000000801439a                board_init
 .text.__early_init
                0x000000000801439c       0x10 .build/obj_testamatta_keyboard_ex011_blackpill_default/protocol/chibios/chibios.o
                0x000000000801439c                __early_init
 .text.boardInit
                0x00000000080143ac        0xc .build/obj_testamatta_keyboard_ex011_blackpill_default/protocol/chibios/chibios.o
                0x00000000080143ac                boardInit
 .text.protocol_setup
                0x00000000080143b8        0x4 .build/obj_testamatta_keyboard_ex011_blackpill_default/protocol/chibios/chibios.o